<testsuites id="" name="" tests="480" failures="0" skipped="480" errors="0" time="0.352878">
<testsuite name="cart.spec.js" timestamp="2025-09-02T17:40:22.228Z" hostname="chromium" tests="10" failures="0" skipped="10" time="0" errors="0">
<testcase name="Shopping Cart Functionality Tests › Pass Cases - Valid Cart Operations › Add single product to cart" classname="cart.spec.js" time="0">
<skipped>
</skipped>
</testcase>
<testcase name="Shopping Cart Functionality Tests › Pass Cases - Valid Cart Operations › Add multiple products to cart" classname="cart.spec.js" time="0">
<skipped>
</skipped>
</testcase>
<testcase name="Shopping Cart Functionality Tests › Pass Cases - Valid Cart Operations › Update product quantity in cart" classname="cart.spec.js" time="0">
<skipped>
</skipped>
</testcase>
<testcase name="Shopping Cart Functionality Tests › Fail Cases - Invalid Cart Operations › Add product with invalid quantity" classname="cart.spec.js" time="0">
<skipped>
</skipped>
</testcase>
<testcase name="Shopping Cart Functionality Tests › Fail Cases - Invalid Cart Operations › Update cart with zero quantity" classname="cart.spec.js" time="0">
<skipped>
</skipped>
</testcase>
<testcase name="Shopping Cart Functionality Tests › Fail Cases - Invalid Cart Operations › Apply invalid discount code" classname="cart.spec.js" time="0">
<skipped>
</skipped>
</testcase>
<testcase name="Shopping Cart Functionality Tests › Edge Cases - Boundary Testing › Add maximum allowed quantity" classname="cart.spec.js" time="0">
<skipped>
</skipped>
</testcase>
<testcase name="Shopping Cart Functionality Tests › Edge Cases - Boundary Testing › Remove all items from cart" classname="cart.spec.js" time="0">
<skipped>
</skipped>
</testcase>
<testcase name="Shopping Cart Functionality Tests › Edge Cases - Boundary Testing › Very long discount code" classname="cart.spec.js" time="0">
<skipped>
</skipped>
</testcase>
<testcase name="Shopping Cart Functionality Tests › Edge Cases - Boundary Testing › Cart persistence across browser refresh" classname="cart.spec.js" time="0">
<skipped>
</skipped>
</testcase>
</testsuite>
<testsuite name="currency.spec.js" timestamp="2025-09-02T17:40:22.228Z" hostname="chromium" tests="8" failures="0" skipped="8" time="0" errors="0">
<testcase name="Currency Change Functionality Tests › Pass Cases - Valid Currency Changes › Change currency to Euro" classname="currency.spec.js" time="0">
<skipped>
</skipped>
</testcase>
<testcase name="Currency Change Functionality Tests › Pass Cases - Valid Currency Changes › Change currency and verify symbol display" classname="currency.spec.js" time="0">
<skipped>
</skipped>
</testcase>
<testcase name="Currency Change Functionality Tests › Pass Cases - Valid Currency Changes › Currency persistence across navigation" classname="currency.spec.js" time="0">
<skipped>
</skipped>
</testcase>
<testcase name="Currency Change Functionality Tests › Fail Cases - Invalid Currency Operations › Attempt to select non-existent currency" classname="currency.spec.js" time="0">
<skipped>
</skipped>
</testcase>
<testcase name="Currency Change Functionality Tests › Edge Cases - Boundary Testing › Rapid currency changes" classname="currency.spec.js" time="0">
<skipped>
</skipped>
</testcase>
<testcase name="Currency Change Functionality Tests › Edge Cases - Boundary Testing › Currency change with empty cart" classname="currency.spec.js" time="0">
<skipped>
</skipped>
</testcase>
<testcase name="Currency Change Functionality Tests › Edge Cases - Boundary Testing › Currency change with items in cart" classname="currency.spec.js" time="0">
<skipped>
</skipped>
</testcase>
<testcase name="Currency Change Functionality Tests › Edge Cases - Boundary Testing › Browser refresh maintains currency selection" classname="currency.spec.js" time="0">
<skipped>
</skipped>
</testcase>
</testsuite>
<testsuite name="login.spec.js" timestamp="2025-09-02T17:40:22.228Z" hostname="chromium" tests="9" failures="0" skipped="9" time="0" errors="0">
<testcase name="Login Functionality Tests › Pass Cases - Valid Login Scenarios › Valid login with correct credentials" classname="login.spec.js" time="0">
<skipped>
</skipped>
</testcase>
<testcase name="Login Functionality Tests › Pass Cases - Valid Login Scenarios › Valid login with Remember Me option" classname="login.spec.js" time="0">
<skipped>
</skipped>
</testcase>
<testcase name="Login Functionality Tests › Pass Cases - Valid Login Scenarios › Logout functionality after valid login" classname="login.spec.js" time="0">
<skipped>
</skipped>
</testcase>
<testcase name="Login Functionality Tests › Fail Cases - Invalid Login Scenarios › Login with invalid credentials" classname="login.spec.js" time="0">
<skipped>
</skipped>
</testcase>
<testcase name="Login Functionality Tests › Fail Cases - Invalid Login Scenarios › Login with invalid email format" classname="login.spec.js" time="0">
<skipped>
</skipped>
</testcase>
<testcase name="Login Functionality Tests › Fail Cases - Invalid Login Scenarios › Login with empty credentials" classname="login.spec.js" time="0">
<skipped>
</skipped>
</testcase>
<testcase name="Login Functionality Tests › Edge Cases - Boundary Testing › Login with very long email" classname="login.spec.js" time="0">
<skipped>
</skipped>
</testcase>
<testcase name="Login Functionality Tests › Edge Cases - Boundary Testing › Login with very long password" classname="login.spec.js" time="0">
<skipped>
</skipped>
</testcase>
<testcase name="Login Functionality Tests › Edge Cases - Boundary Testing › Multiple failed login attempts" classname="login.spec.js" time="0">
<skipped>
</skipped>
</testcase>
</testsuite>
<testsuite name="newsletter.spec.js" timestamp="2025-09-02T17:40:22.228Z" hostname="chromium" tests="14" failures="0" skipped="14" time="0" errors="0">
<testcase name="Newsletter Subscription Functionality Tests › Pass Cases - Valid Newsletter Operations › Subscribe with valid email address" classname="newsletter.spec.js" time="0">
<skipped>
</skipped>
</testcase>
<testcase name="Newsletter Subscription Functionality Tests › Pass Cases - Valid Newsletter Operations › Subscribe from footer newsletter form" classname="newsletter.spec.js" time="0">
<skipped>
</skipped>
</testcase>
<testcase name="Newsletter Subscription Functionality Tests › Pass Cases - Valid Newsletter Operations › Newsletter form is visible and accessible" classname="newsletter.spec.js" time="0">
<skipped>
</skipped>
</testcase>
<testcase name="Newsletter Subscription Functionality Tests › Fail Cases - Invalid Newsletter Operations › Subscribe with invalid email format" classname="newsletter.spec.js" time="0">
<skipped>
</skipped>
</testcase>
<testcase name="Newsletter Subscription Functionality Tests › Fail Cases - Invalid Newsletter Operations › Subscribe with empty email field" classname="newsletter.spec.js" time="0">
<skipped>
</skipped>
</testcase>
<testcase name="Newsletter Subscription Functionality Tests › Fail Cases - Invalid Newsletter Operations › Subscribe with existing email address" classname="newsletter.spec.js" time="0">
<skipped>
</skipped>
</testcase>
<testcase name="Newsletter Subscription Functionality Tests › Edge Cases - Boundary Testing › Subscribe with very long email address" classname="newsletter.spec.js" time="0">
<skipped>
</skipped>
</testcase>
<testcase name="Newsletter Subscription Functionality Tests › Edge Cases - Boundary Testing › Subscribe with special characters in email" classname="newsletter.spec.js" time="0">
<skipped>
</skipped>
</testcase>
<testcase name="Newsletter Subscription Functionality Tests › Edge Cases - Boundary Testing › Subscribe with international domain email" classname="newsletter.spec.js" time="0">
<skipped>
</skipped>
</testcase>
<testcase name="Newsletter Subscription Functionality Tests › Edge Cases - Boundary Testing › Newsletter persistence across page navigation" classname="newsletter.spec.js" time="0">
<skipped>
</skipped>
</testcase>
<testcase name="Newsletter Subscription Functionality Tests › Edge Cases - Boundary Testing › Multiple rapid newsletter subscriptions" classname="newsletter.spec.js" time="0">
<skipped>
</skipped>
</testcase>
<testcase name="Newsletter Subscription Functionality Tests › Edge Cases - Boundary Testing › Newsletter unsubscribe functionality" classname="newsletter.spec.js" time="0">
<skipped>
</skipped>
</testcase>
<testcase name="Newsletter Subscription Functionality Tests › Edge Cases - Performance &amp; Compatibility › Newsletter form loads within acceptable time" classname="newsletter.spec.js" time="0">
<skipped>
</skipped>
</testcase>
<testcase name="Newsletter Subscription Functionality Tests › Edge Cases - Performance &amp; Compatibility › Newsletter form mobile compatibility" classname="newsletter.spec.js" time="0">
<skipped>
</skipped>
</testcase>
</testsuite>
<testsuite name="registration.spec.js" timestamp="2025-09-02T17:40:22.228Z" hostname="chromium" tests="13" failures="0" skipped="13" time="0" errors="0">
<testcase name="User Registration Functionality Tests › Pass Cases - Valid Registration Scenarios › Register new user with valid data" classname="registration.spec.js" time="0">
<skipped>
</skipped>
</testcase>
<testcase name="User Registration Functionality Tests › Pass Cases - Valid Registration Scenarios › Register user with minimal required data" classname="registration.spec.js" time="0">
<skipped>
</skipped>
</testcase>
<testcase name="User Registration Functionality Tests › Pass Cases - Valid Registration Scenarios › Register female user with newsletter subscription" classname="registration.spec.js" time="0">
<skipped>
</skipped>
</testcase>
<testcase name="User Registration Functionality Tests › Fail Cases - Invalid Registration Scenarios › Register with empty required fields" classname="registration.spec.js" time="0">
<skipped>
</skipped>
</testcase>
<testcase name="User Registration Functionality Tests › Fail Cases - Invalid Registration Scenarios › Register with invalid email format" classname="registration.spec.js" time="0">
<skipped>
</skipped>
</testcase>
<testcase name="User Registration Functionality Tests › Fail Cases - Invalid Registration Scenarios › Register with password mismatch" classname="registration.spec.js" time="0">
<skipped>
</skipped>
</testcase>
<testcase name="User Registration Functionality Tests › Fail Cases - Invalid Registration Scenarios › Register with existing email" classname="registration.spec.js" time="0">
<skipped>
</skipped>
</testcase>
<testcase name="User Registration Functionality Tests › Fail Cases - Invalid Registration Scenarios › Register with weak password" classname="registration.spec.js" time="0">
<skipped>
</skipped>
</testcase>
<testcase name="User Registration Functionality Tests › Edge Cases - Boundary Testing › Register with very long names" classname="registration.spec.js" time="0">
<skipped>
</skipped>
</testcase>
<testcase name="User Registration Functionality Tests › Edge Cases - Boundary Testing › Register with very short valid data" classname="registration.spec.js" time="0">
<skipped>
</skipped>
</testcase>
<testcase name="User Registration Functionality Tests › Edge Cases - Boundary Testing › Register with special characters in name" classname="registration.spec.js" time="0">
<skipped>
</skipped>
</testcase>
<testcase name="User Registration Functionality Tests › Edge Cases - Boundary Testing › Register with international characters" classname="registration.spec.js" time="0">
<skipped>
</skipped>
</testcase>
<testcase name="User Registration Functionality Tests › Edge Cases - Boundary Testing › Register with birthday edge dates" classname="registration.spec.js" time="0">
<skipped>
</skipped>
</testcase>
</testsuite>
<testsuite name="search.spec.js" timestamp="2025-09-02T17:40:22.228Z" hostname="chromium" tests="11" failures="0" skipped="11" time="0" errors="0">
<testcase name="Search Functionality Tests › Pass Cases - Valid Search Scenarios › Search for existing product" classname="search.spec.js" time="0">
<skipped>
</skipped>
</testcase>
<testcase name="Search Functionality Tests › Pass Cases - Valid Search Scenarios › Search with different valid terms" classname="search.spec.js" time="0">
<skipped>
</skipped>
</testcase>
<testcase name="Search Functionality Tests › Pass Cases - Valid Search Scenarios › Advanced search with filters" classname="search.spec.js" time="0">
<skipped>
</skipped>
</testcase>
<testcase name="Search Functionality Tests › Fail Cases - Invalid Search Scenarios › Search for non-existent product" classname="search.spec.js" time="0">
<skipped>
</skipped>
</testcase>
<testcase name="Search Functionality Tests › Fail Cases - Invalid Search Scenarios › Search with special characters only" classname="search.spec.js" time="0">
<skipped>
</skipped>
</testcase>
<testcase name="Search Functionality Tests › Fail Cases - Invalid Search Scenarios › Search with SQL injection attempt" classname="search.spec.js" time="0">
<skipped>
</skipped>
</testcase>
<testcase name="Search Functionality Tests › Edge Cases - Boundary Testing › Empty search" classname="search.spec.js" time="0">
<skipped>
</skipped>
</testcase>
<testcase name="Search Functionality Tests › Edge Cases - Boundary Testing › Single character search" classname="search.spec.js" time="0">
<skipped>
</skipped>
</testcase>
<testcase name="Search Functionality Tests › Edge Cases - Boundary Testing › Very long search term" classname="search.spec.js" time="0">
<skipped>
</skipped>
</testcase>
<testcase name="Search Functionality Tests › Edge Cases - Boundary Testing › Search with leading and trailing spaces" classname="search.spec.js" time="0">
<skipped>
</skipped>
</testcase>
<testcase name="Search Functionality Tests › Edge Cases - Boundary Testing › Case sensitivity test" classname="search.spec.js" time="0">
<skipped>
</skipped>
</testcase>
</testsuite>
<testsuite name="site-navigation.spec.js" timestamp="2025-09-02T17:40:22.228Z" hostname="chromium" tests="7" failures="0" skipped="7" time="0" errors="0">
<testcase name="NopCommerce Site Accessibility &amp; Basic Navigation Tests › Pass Cases - Basic Site Functionality › Site loads and displays correctly" classname="site-navigation.spec.js" time="0">
<skipped>
</skipped>
</testcase>
<testcase name="NopCommerce Site Accessibility &amp; Basic Navigation Tests › Pass Cases - Basic Site Functionality › Main navigation links are functional" classname="site-navigation.spec.js" time="0">
<skipped>
</skipped>
</testcase>
<testcase name="NopCommerce Site Accessibility &amp; Basic Navigation Tests › Pass Cases - Basic Site Functionality › Header elements are accessible" classname="site-navigation.spec.js" time="0">
<skipped>
</skipped>
</testcase>
<testcase name="NopCommerce Site Accessibility &amp; Basic Navigation Tests › Fail Cases - Error Handling › Invalid URL returns appropriate error" classname="site-navigation.spec.js" time="0">
<skipped>
</skipped>
</testcase>
<testcase name="NopCommerce Site Accessibility &amp; Basic Navigation Tests › Edge Cases - Performance &amp; Compatibility › Page loads within acceptable time" classname="site-navigation.spec.js" time="0">
<skipped>
</skipped>
</testcase>
<testcase name="NopCommerce Site Accessibility &amp; Basic Navigation Tests › Edge Cases - Performance &amp; Compatibility › Mobile viewport compatibility" classname="site-navigation.spec.js" time="0">
<skipped>
</skipped>
</testcase>
<testcase name="NopCommerce Site Accessibility &amp; Basic Navigation Tests › Edge Cases - Performance &amp; Compatibility › Keyboard navigation accessibility" classname="site-navigation.spec.js" time="0">
<skipped>
</skipped>
</testcase>
</testsuite>
<testsuite name="wishlist.spec.js" timestamp="2025-09-02T17:40:22.228Z" hostname="chromium" tests="8" failures="0" skipped="8" time="0" errors="0">
<testcase name="Wishlist Functionality Tests › Pass Cases - Valid Wishlist Operations › Add product to wishlist" classname="wishlist.spec.js" time="0">
<skipped>
</skipped>
</testcase>
<testcase name="Wishlist Functionality Tests › Pass Cases - Valid Wishlist Operations › Add multiple products to wishlist" classname="wishlist.spec.js" time="0">
<skipped>
</skipped>
</testcase>
<testcase name="Wishlist Functionality Tests › Pass Cases - Valid Wishlist Operations › Move product from wishlist to cart" classname="wishlist.spec.js" time="0">
<skipped>
</skipped>
</testcase>
<testcase name="Wishlist Functionality Tests › Fail Cases - Invalid Wishlist Operations › Add same product multiple times to wishlist" classname="wishlist.spec.js" time="0">
<skipped>
</skipped>
</testcase>
<testcase name="Wishlist Functionality Tests › Fail Cases - Invalid Wishlist Operations › Access wishlist when empty" classname="wishlist.spec.js" time="0">
<skipped>
</skipped>
</testcase>
<testcase name="Wishlist Functionality Tests › Edge Cases - Boundary Testing › Remove all items from wishlist" classname="wishlist.spec.js" time="0">
<skipped>
</skipped>
</testcase>
<testcase name="Wishlist Functionality Tests › Edge Cases - Boundary Testing › Wishlist persistence across sessions" classname="wishlist.spec.js" time="0">
<skipped>
</skipped>
</testcase>
<testcase name="Wishlist Functionality Tests › Edge Cases - Boundary Testing › Maximum items in wishlist" classname="wishlist.spec.js" time="0">
<skipped>
</skipped>
</testcase>
</testsuite>
<testsuite name="cart.spec.js" timestamp="2025-09-02T17:40:22.228Z" hostname="firefox" tests="10" failures="0" skipped="10" time="0" errors="0">
<testcase name="Shopping Cart Functionality Tests › Pass Cases - Valid Cart Operations › Add single product to cart" classname="cart.spec.js" time="0">
<skipped>
</skipped>
</testcase>
<testcase name="Shopping Cart Functionality Tests › Pass Cases - Valid Cart Operations › Add multiple products to cart" classname="cart.spec.js" time="0">
<skipped>
</skipped>
</testcase>
<testcase name="Shopping Cart Functionality Tests › Pass Cases - Valid Cart Operations › Update product quantity in cart" classname="cart.spec.js" time="0">
<skipped>
</skipped>
</testcase>
<testcase name="Shopping Cart Functionality Tests › Fail Cases - Invalid Cart Operations › Add product with invalid quantity" classname="cart.spec.js" time="0">
<skipped>
</skipped>
</testcase>
<testcase name="Shopping Cart Functionality Tests › Fail Cases - Invalid Cart Operations › Update cart with zero quantity" classname="cart.spec.js" time="0">
<skipped>
</skipped>
</testcase>
<testcase name="Shopping Cart Functionality Tests › Fail Cases - Invalid Cart Operations › Apply invalid discount code" classname="cart.spec.js" time="0">
<skipped>
</skipped>
</testcase>
<testcase name="Shopping Cart Functionality Tests › Edge Cases - Boundary Testing › Add maximum allowed quantity" classname="cart.spec.js" time="0">
<skipped>
</skipped>
</testcase>
<testcase name="Shopping Cart Functionality Tests › Edge Cases - Boundary Testing › Remove all items from cart" classname="cart.spec.js" time="0">
<skipped>
</skipped>
</testcase>
<testcase name="Shopping Cart Functionality Tests › Edge Cases - Boundary Testing › Very long discount code" classname="cart.spec.js" time="0">
<skipped>
</skipped>
</testcase>
<testcase name="Shopping Cart Functionality Tests › Edge Cases - Boundary Testing › Cart persistence across browser refresh" classname="cart.spec.js" time="0">
<skipped>
</skipped>
</testcase>
</testsuite>
<testsuite name="currency.spec.js" timestamp="2025-09-02T17:40:22.228Z" hostname="firefox" tests="8" failures="0" skipped="8" time="0" errors="0">
<testcase name="Currency Change Functionality Tests › Pass Cases - Valid Currency Changes › Change currency to Euro" classname="currency.spec.js" time="0">
<skipped>
</skipped>
</testcase>
<testcase name="Currency Change Functionality Tests › Pass Cases - Valid Currency Changes › Change currency and verify symbol display" classname="currency.spec.js" time="0">
<skipped>
</skipped>
</testcase>
<testcase name="Currency Change Functionality Tests › Pass Cases - Valid Currency Changes › Currency persistence across navigation" classname="currency.spec.js" time="0">
<skipped>
</skipped>
</testcase>
<testcase name="Currency Change Functionality Tests › Fail Cases - Invalid Currency Operations › Attempt to select non-existent currency" classname="currency.spec.js" time="0">
<skipped>
</skipped>
</testcase>
<testcase name="Currency Change Functionality Tests › Edge Cases - Boundary Testing › Rapid currency changes" classname="currency.spec.js" time="0">
<skipped>
</skipped>
</testcase>
<testcase name="Currency Change Functionality Tests › Edge Cases - Boundary Testing › Currency change with empty cart" classname="currency.spec.js" time="0">
<skipped>
</skipped>
</testcase>
<testcase name="Currency Change Functionality Tests › Edge Cases - Boundary Testing › Currency change with items in cart" classname="currency.spec.js" time="0">
<skipped>
</skipped>
</testcase>
<testcase name="Currency Change Functionality Tests › Edge Cases - Boundary Testing › Browser refresh maintains currency selection" classname="currency.spec.js" time="0">
<skipped>
</skipped>
</testcase>
</testsuite>
<testsuite name="login.spec.js" timestamp="2025-09-02T17:40:22.228Z" hostname="firefox" tests="9" failures="0" skipped="9" time="0" errors="0">
<testcase name="Login Functionality Tests › Pass Cases - Valid Login Scenarios › Valid login with correct credentials" classname="login.spec.js" time="0">
<skipped>
</skipped>
</testcase>
<testcase name="Login Functionality Tests › Pass Cases - Valid Login Scenarios › Valid login with Remember Me option" classname="login.spec.js" time="0">
<skipped>
</skipped>
</testcase>
<testcase name="Login Functionality Tests › Pass Cases - Valid Login Scenarios › Logout functionality after valid login" classname="login.spec.js" time="0">
<skipped>
</skipped>
</testcase>
<testcase name="Login Functionality Tests › Fail Cases - Invalid Login Scenarios › Login with invalid credentials" classname="login.spec.js" time="0">
<skipped>
</skipped>
</testcase>
<testcase name="Login Functionality Tests › Fail Cases - Invalid Login Scenarios › Login with invalid email format" classname="login.spec.js" time="0">
<skipped>
</skipped>
</testcase>
<testcase name="Login Functionality Tests › Fail Cases - Invalid Login Scenarios › Login with empty credentials" classname="login.spec.js" time="0">
<skipped>
</skipped>
</testcase>
<testcase name="Login Functionality Tests › Edge Cases - Boundary Testing › Login with very long email" classname="login.spec.js" time="0">
<skipped>
</skipped>
</testcase>
<testcase name="Login Functionality Tests › Edge Cases - Boundary Testing › Login with very long password" classname="login.spec.js" time="0">
<skipped>
</skipped>
</testcase>
<testcase name="Login Functionality Tests › Edge Cases - Boundary Testing › Multiple failed login attempts" classname="login.spec.js" time="0">
<skipped>
</skipped>
</testcase>
</testsuite>
<testsuite name="newsletter.spec.js" timestamp="2025-09-02T17:40:22.228Z" hostname="firefox" tests="14" failures="0" skipped="14" time="0" errors="0">
<testcase name="Newsletter Subscription Functionality Tests › Pass Cases - Valid Newsletter Operations › Subscribe with valid email address" classname="newsletter.spec.js" time="0">
<skipped>
</skipped>
</testcase>
<testcase name="Newsletter Subscription Functionality Tests › Pass Cases - Valid Newsletter Operations › Subscribe from footer newsletter form" classname="newsletter.spec.js" time="0">
<skipped>
</skipped>
</testcase>
<testcase name="Newsletter Subscription Functionality Tests › Pass Cases - Valid Newsletter Operations › Newsletter form is visible and accessible" classname="newsletter.spec.js" time="0">
<skipped>
</skipped>
</testcase>
<testcase name="Newsletter Subscription Functionality Tests › Fail Cases - Invalid Newsletter Operations › Subscribe with invalid email format" classname="newsletter.spec.js" time="0">
<skipped>
</skipped>
</testcase>
<testcase name="Newsletter Subscription Functionality Tests › Fail Cases - Invalid Newsletter Operations › Subscribe with empty email field" classname="newsletter.spec.js" time="0">
<skipped>
</skipped>
</testcase>
<testcase name="Newsletter Subscription Functionality Tests › Fail Cases - Invalid Newsletter Operations › Subscribe with existing email address" classname="newsletter.spec.js" time="0">
<skipped>
</skipped>
</testcase>
<testcase name="Newsletter Subscription Functionality Tests › Edge Cases - Boundary Testing › Subscribe with very long email address" classname="newsletter.spec.js" time="0">
<skipped>
</skipped>
</testcase>
<testcase name="Newsletter Subscription Functionality Tests › Edge Cases - Boundary Testing › Subscribe with special characters in email" classname="newsletter.spec.js" time="0">
<skipped>
</skipped>
</testcase>
<testcase name="Newsletter Subscription Functionality Tests › Edge Cases - Boundary Testing › Subscribe with international domain email" classname="newsletter.spec.js" time="0">
<skipped>
</skipped>
</testcase>
<testcase name="Newsletter Subscription Functionality Tests › Edge Cases - Boundary Testing › Newsletter persistence across page navigation" classname="newsletter.spec.js" time="0">
<skipped>
</skipped>
</testcase>
<testcase name="Newsletter Subscription Functionality Tests › Edge Cases - Boundary Testing › Multiple rapid newsletter subscriptions" classname="newsletter.spec.js" time="0">
<skipped>
</skipped>
</testcase>
<testcase name="Newsletter Subscription Functionality Tests › Edge Cases - Boundary Testing › Newsletter unsubscribe functionality" classname="newsletter.spec.js" time="0">
<skipped>
</skipped>
</testcase>
<testcase name="Newsletter Subscription Functionality Tests › Edge Cases - Performance &amp; Compatibility › Newsletter form loads within acceptable time" classname="newsletter.spec.js" time="0">
<skipped>
</skipped>
</testcase>
<testcase name="Newsletter Subscription Functionality Tests › Edge Cases - Performance &amp; Compatibility › Newsletter form mobile compatibility" classname="newsletter.spec.js" time="0">
<skipped>
</skipped>
</testcase>
</testsuite>
<testsuite name="registration.spec.js" timestamp="2025-09-02T17:40:22.228Z" hostname="firefox" tests="13" failures="0" skipped="13" time="0" errors="0">
<testcase name="User Registration Functionality Tests › Pass Cases - Valid Registration Scenarios › Register new user with valid data" classname="registration.spec.js" time="0">
<skipped>
</skipped>
</testcase>
<testcase name="User Registration Functionality Tests › Pass Cases - Valid Registration Scenarios › Register user with minimal required data" classname="registration.spec.js" time="0">
<skipped>
</skipped>
</testcase>
<testcase name="User Registration Functionality Tests › Pass Cases - Valid Registration Scenarios › Register female user with newsletter subscription" classname="registration.spec.js" time="0">
<skipped>
</skipped>
</testcase>
<testcase name="User Registration Functionality Tests › Fail Cases - Invalid Registration Scenarios › Register with empty required fields" classname="registration.spec.js" time="0">
<skipped>
</skipped>
</testcase>
<testcase name="User Registration Functionality Tests › Fail Cases - Invalid Registration Scenarios › Register with invalid email format" classname="registration.spec.js" time="0">
<skipped>
</skipped>
</testcase>
<testcase name="User Registration Functionality Tests › Fail Cases - Invalid Registration Scenarios › Register with password mismatch" classname="registration.spec.js" time="0">
<skipped>
</skipped>
</testcase>
<testcase name="User Registration Functionality Tests › Fail Cases - Invalid Registration Scenarios › Register with existing email" classname="registration.spec.js" time="0">
<skipped>
</skipped>
</testcase>
<testcase name="User Registration Functionality Tests › Fail Cases - Invalid Registration Scenarios › Register with weak password" classname="registration.spec.js" time="0">
<skipped>
</skipped>
</testcase>
<testcase name="User Registration Functionality Tests › Edge Cases - Boundary Testing › Register with very long names" classname="registration.spec.js" time="0">
<skipped>
</skipped>
</testcase>
<testcase name="User Registration Functionality Tests › Edge Cases - Boundary Testing › Register with very short valid data" classname="registration.spec.js" time="0">
<skipped>
</skipped>
</testcase>
<testcase name="User Registration Functionality Tests › Edge Cases - Boundary Testing › Register with special characters in name" classname="registration.spec.js" time="0">
<skipped>
</skipped>
</testcase>
<testcase name="User Registration Functionality Tests › Edge Cases - Boundary Testing › Register with international characters" classname="registration.spec.js" time="0">
<skipped>
</skipped>
</testcase>
<testcase name="User Registration Functionality Tests › Edge Cases - Boundary Testing › Register with birthday edge dates" classname="registration.spec.js" time="0">
<skipped>
</skipped>
</testcase>
</testsuite>
<testsuite name="search.spec.js" timestamp="2025-09-02T17:40:22.228Z" hostname="firefox" tests="11" failures="0" skipped="11" time="0" errors="0">
<testcase name="Search Functionality Tests › Pass Cases - Valid Search Scenarios › Search for existing product" classname="search.spec.js" time="0">
<skipped>
</skipped>
</testcase>
<testcase name="Search Functionality Tests › Pass Cases - Valid Search Scenarios › Search with different valid terms" classname="search.spec.js" time="0">
<skipped>
</skipped>
</testcase>
<testcase name="Search Functionality Tests › Pass Cases - Valid Search Scenarios › Advanced search with filters" classname="search.spec.js" time="0">
<skipped>
</skipped>
</testcase>
<testcase name="Search Functionality Tests › Fail Cases - Invalid Search Scenarios › Search for non-existent product" classname="search.spec.js" time="0">
<skipped>
</skipped>
</testcase>
<testcase name="Search Functionality Tests › Fail Cases - Invalid Search Scenarios › Search with special characters only" classname="search.spec.js" time="0">
<skipped>
</skipped>
</testcase>
<testcase name="Search Functionality Tests › Fail Cases - Invalid Search Scenarios › Search with SQL injection attempt" classname="search.spec.js" time="0">
<skipped>
</skipped>
</testcase>
<testcase name="Search Functionality Tests › Edge Cases - Boundary Testing › Empty search" classname="search.spec.js" time="0">
<skipped>
</skipped>
</testcase>
<testcase name="Search Functionality Tests › Edge Cases - Boundary Testing › Single character search" classname="search.spec.js" time="0">
<skipped>
</skipped>
</testcase>
<testcase name="Search Functionality Tests › Edge Cases - Boundary Testing › Very long search term" classname="search.spec.js" time="0">
<skipped>
</skipped>
</testcase>
<testcase name="Search Functionality Tests › Edge Cases - Boundary Testing › Search with leading and trailing spaces" classname="search.spec.js" time="0">
<skipped>
</skipped>
</testcase>
<testcase name="Search Functionality Tests › Edge Cases - Boundary Testing › Case sensitivity test" classname="search.spec.js" time="0">
<skipped>
</skipped>
</testcase>
</testsuite>
<testsuite name="site-navigation.spec.js" timestamp="2025-09-02T17:40:22.228Z" hostname="firefox" tests="7" failures="0" skipped="7" time="0" errors="0">
<testcase name="NopCommerce Site Accessibility &amp; Basic Navigation Tests › Pass Cases - Basic Site Functionality › Site loads and displays correctly" classname="site-navigation.spec.js" time="0">
<skipped>
</skipped>
</testcase>
<testcase name="NopCommerce Site Accessibility &amp; Basic Navigation Tests › Pass Cases - Basic Site Functionality › Main navigation links are functional" classname="site-navigation.spec.js" time="0">
<skipped>
</skipped>
</testcase>
<testcase name="NopCommerce Site Accessibility &amp; Basic Navigation Tests › Pass Cases - Basic Site Functionality › Header elements are accessible" classname="site-navigation.spec.js" time="0">
<skipped>
</skipped>
</testcase>
<testcase name="NopCommerce Site Accessibility &amp; Basic Navigation Tests › Fail Cases - Error Handling › Invalid URL returns appropriate error" classname="site-navigation.spec.js" time="0">
<skipped>
</skipped>
</testcase>
<testcase name="NopCommerce Site Accessibility &amp; Basic Navigation Tests › Edge Cases - Performance &amp; Compatibility › Page loads within acceptable time" classname="site-navigation.spec.js" time="0">
<skipped>
</skipped>
</testcase>
<testcase name="NopCommerce Site Accessibility &amp; Basic Navigation Tests › Edge Cases - Performance &amp; Compatibility › Mobile viewport compatibility" classname="site-navigation.spec.js" time="0">
<skipped>
</skipped>
</testcase>
<testcase name="NopCommerce Site Accessibility &amp; Basic Navigation Tests › Edge Cases - Performance &amp; Compatibility › Keyboard navigation accessibility" classname="site-navigation.spec.js" time="0">
<skipped>
</skipped>
</testcase>
</testsuite>
<testsuite name="wishlist.spec.js" timestamp="2025-09-02T17:40:22.228Z" hostname="firefox" tests="8" failures="0" skipped="8" time="0" errors="0">
<testcase name="Wishlist Functionality Tests › Pass Cases - Valid Wishlist Operations › Add product to wishlist" classname="wishlist.spec.js" time="0">
<skipped>
</skipped>
</testcase>
<testcase name="Wishlist Functionality Tests › Pass Cases - Valid Wishlist Operations › Add multiple products to wishlist" classname="wishlist.spec.js" time="0">
<skipped>
</skipped>
</testcase>
<testcase name="Wishlist Functionality Tests › Pass Cases - Valid Wishlist Operations › Move product from wishlist to cart" classname="wishlist.spec.js" time="0">
<skipped>
</skipped>
</testcase>
<testcase name="Wishlist Functionality Tests › Fail Cases - Invalid Wishlist Operations › Add same product multiple times to wishlist" classname="wishlist.spec.js" time="0">
<skipped>
</skipped>
</testcase>
<testcase name="Wishlist Functionality Tests › Fail Cases - Invalid Wishlist Operations › Access wishlist when empty" classname="wishlist.spec.js" time="0">
<skipped>
</skipped>
</testcase>
<testcase name="Wishlist Functionality Tests › Edge Cases - Boundary Testing › Remove all items from wishlist" classname="wishlist.spec.js" time="0">
<skipped>
</skipped>
</testcase>
<testcase name="Wishlist Functionality Tests › Edge Cases - Boundary Testing › Wishlist persistence across sessions" classname="wishlist.spec.js" time="0">
<skipped>
</skipped>
</testcase>
<testcase name="Wishlist Functionality Tests › Edge Cases - Boundary Testing › Maximum items in wishlist" classname="wishlist.spec.js" time="0">
<skipped>
</skipped>
</testcase>
</testsuite>
<testsuite name="cart.spec.js" timestamp="2025-09-02T17:40:22.228Z" hostname="webkit" tests="10" failures="0" skipped="10" time="0" errors="0">
<testcase name="Shopping Cart Functionality Tests › Pass Cases - Valid Cart Operations › Add single product to cart" classname="cart.spec.js" time="0">
<skipped>
</skipped>
</testcase>
<testcase name="Shopping Cart Functionality Tests › Pass Cases - Valid Cart Operations › Add multiple products to cart" classname="cart.spec.js" time="0">
<skipped>
</skipped>
</testcase>
<testcase name="Shopping Cart Functionality Tests › Pass Cases - Valid Cart Operations › Update product quantity in cart" classname="cart.spec.js" time="0">
<skipped>
</skipped>
</testcase>
<testcase name="Shopping Cart Functionality Tests › Fail Cases - Invalid Cart Operations › Add product with invalid quantity" classname="cart.spec.js" time="0">
<skipped>
</skipped>
</testcase>
<testcase name="Shopping Cart Functionality Tests › Fail Cases - Invalid Cart Operations › Update cart with zero quantity" classname="cart.spec.js" time="0">
<skipped>
</skipped>
</testcase>
<testcase name="Shopping Cart Functionality Tests › Fail Cases - Invalid Cart Operations › Apply invalid discount code" classname="cart.spec.js" time="0">
<skipped>
</skipped>
</testcase>
<testcase name="Shopping Cart Functionality Tests › Edge Cases - Boundary Testing › Add maximum allowed quantity" classname="cart.spec.js" time="0">
<skipped>
</skipped>
</testcase>
<testcase name="Shopping Cart Functionality Tests › Edge Cases - Boundary Testing › Remove all items from cart" classname="cart.spec.js" time="0">
<skipped>
</skipped>
</testcase>
<testcase name="Shopping Cart Functionality Tests › Edge Cases - Boundary Testing › Very long discount code" classname="cart.spec.js" time="0">
<skipped>
</skipped>
</testcase>
<testcase name="Shopping Cart Functionality Tests › Edge Cases - Boundary Testing › Cart persistence across browser refresh" classname="cart.spec.js" time="0">
<skipped>
</skipped>
</testcase>
</testsuite>
<testsuite name="currency.spec.js" timestamp="2025-09-02T17:40:22.228Z" hostname="webkit" tests="8" failures="0" skipped="8" time="0" errors="0">
<testcase name="Currency Change Functionality Tests › Pass Cases - Valid Currency Changes › Change currency to Euro" classname="currency.spec.js" time="0">
<skipped>
</skipped>
</testcase>
<testcase name="Currency Change Functionality Tests › Pass Cases - Valid Currency Changes › Change currency and verify symbol display" classname="currency.spec.js" time="0">
<skipped>
</skipped>
</testcase>
<testcase name="Currency Change Functionality Tests › Pass Cases - Valid Currency Changes › Currency persistence across navigation" classname="currency.spec.js" time="0">
<skipped>
</skipped>
</testcase>
<testcase name="Currency Change Functionality Tests › Fail Cases - Invalid Currency Operations › Attempt to select non-existent currency" classname="currency.spec.js" time="0">
<skipped>
</skipped>
</testcase>
<testcase name="Currency Change Functionality Tests › Edge Cases - Boundary Testing › Rapid currency changes" classname="currency.spec.js" time="0">
<skipped>
</skipped>
</testcase>
<testcase name="Currency Change Functionality Tests › Edge Cases - Boundary Testing › Currency change with empty cart" classname="currency.spec.js" time="0">
<skipped>
</skipped>
</testcase>
<testcase name="Currency Change Functionality Tests › Edge Cases - Boundary Testing › Currency change with items in cart" classname="currency.spec.js" time="0">
<skipped>
</skipped>
</testcase>
<testcase name="Currency Change Functionality Tests › Edge Cases - Boundary Testing › Browser refresh maintains currency selection" classname="currency.spec.js" time="0">
<skipped>
</skipped>
</testcase>
</testsuite>
<testsuite name="login.spec.js" timestamp="2025-09-02T17:40:22.228Z" hostname="webkit" tests="9" failures="0" skipped="9" time="0" errors="0">
<testcase name="Login Functionality Tests › Pass Cases - Valid Login Scenarios › Valid login with correct credentials" classname="login.spec.js" time="0">
<skipped>
</skipped>
</testcase>
<testcase name="Login Functionality Tests › Pass Cases - Valid Login Scenarios › Valid login with Remember Me option" classname="login.spec.js" time="0">
<skipped>
</skipped>
</testcase>
<testcase name="Login Functionality Tests › Pass Cases - Valid Login Scenarios › Logout functionality after valid login" classname="login.spec.js" time="0">
<skipped>
</skipped>
</testcase>
<testcase name="Login Functionality Tests › Fail Cases - Invalid Login Scenarios › Login with invalid credentials" classname="login.spec.js" time="0">
<skipped>
</skipped>
</testcase>
<testcase name="Login Functionality Tests › Fail Cases - Invalid Login Scenarios › Login with invalid email format" classname="login.spec.js" time="0">
<skipped>
</skipped>
</testcase>
<testcase name="Login Functionality Tests › Fail Cases - Invalid Login Scenarios › Login with empty credentials" classname="login.spec.js" time="0">
<skipped>
</skipped>
</testcase>
<testcase name="Login Functionality Tests › Edge Cases - Boundary Testing › Login with very long email" classname="login.spec.js" time="0">
<skipped>
</skipped>
</testcase>
<testcase name="Login Functionality Tests › Edge Cases - Boundary Testing › Login with very long password" classname="login.spec.js" time="0">
<skipped>
</skipped>
</testcase>
<testcase name="Login Functionality Tests › Edge Cases - Boundary Testing › Multiple failed login attempts" classname="login.spec.js" time="0">
<skipped>
</skipped>
</testcase>
</testsuite>
<testsuite name="newsletter.spec.js" timestamp="2025-09-02T17:40:22.228Z" hostname="webkit" tests="14" failures="0" skipped="14" time="0" errors="0">
<testcase name="Newsletter Subscription Functionality Tests › Pass Cases - Valid Newsletter Operations › Subscribe with valid email address" classname="newsletter.spec.js" time="0">
<skipped>
</skipped>
</testcase>
<testcase name="Newsletter Subscription Functionality Tests › Pass Cases - Valid Newsletter Operations › Subscribe from footer newsletter form" classname="newsletter.spec.js" time="0">
<skipped>
</skipped>
</testcase>
<testcase name="Newsletter Subscription Functionality Tests › Pass Cases - Valid Newsletter Operations › Newsletter form is visible and accessible" classname="newsletter.spec.js" time="0">
<skipped>
</skipped>
</testcase>
<testcase name="Newsletter Subscription Functionality Tests › Fail Cases - Invalid Newsletter Operations › Subscribe with invalid email format" classname="newsletter.spec.js" time="0">
<skipped>
</skipped>
</testcase>
<testcase name="Newsletter Subscription Functionality Tests › Fail Cases - Invalid Newsletter Operations › Subscribe with empty email field" classname="newsletter.spec.js" time="0">
<skipped>
</skipped>
</testcase>
<testcase name="Newsletter Subscription Functionality Tests › Fail Cases - Invalid Newsletter Operations › Subscribe with existing email address" classname="newsletter.spec.js" time="0">
<skipped>
</skipped>
</testcase>
<testcase name="Newsletter Subscription Functionality Tests › Edge Cases - Boundary Testing › Subscribe with very long email address" classname="newsletter.spec.js" time="0">
<skipped>
</skipped>
</testcase>
<testcase name="Newsletter Subscription Functionality Tests › Edge Cases - Boundary Testing › Subscribe with special characters in email" classname="newsletter.spec.js" time="0">
<skipped>
</skipped>
</testcase>
<testcase name="Newsletter Subscription Functionality Tests › Edge Cases - Boundary Testing › Subscribe with international domain email" classname="newsletter.spec.js" time="0">
<skipped>
</skipped>
</testcase>
<testcase name="Newsletter Subscription Functionality Tests › Edge Cases - Boundary Testing › Newsletter persistence across page navigation" classname="newsletter.spec.js" time="0">
<skipped>
</skipped>
</testcase>
<testcase name="Newsletter Subscription Functionality Tests › Edge Cases - Boundary Testing › Multiple rapid newsletter subscriptions" classname="newsletter.spec.js" time="0">
<skipped>
</skipped>
</testcase>
<testcase name="Newsletter Subscription Functionality Tests › Edge Cases - Boundary Testing › Newsletter unsubscribe functionality" classname="newsletter.spec.js" time="0">
<skipped>
</skipped>
</testcase>
<testcase name="Newsletter Subscription Functionality Tests › Edge Cases - Performance &amp; Compatibility › Newsletter form loads within acceptable time" classname="newsletter.spec.js" time="0">
<skipped>
</skipped>
</testcase>
<testcase name="Newsletter Subscription Functionality Tests › Edge Cases - Performance &amp; Compatibility › Newsletter form mobile compatibility" classname="newsletter.spec.js" time="0">
<skipped>
</skipped>
</testcase>
</testsuite>
<testsuite name="registration.spec.js" timestamp="2025-09-02T17:40:22.228Z" hostname="webkit" tests="13" failures="0" skipped="13" time="0" errors="0">
<testcase name="User Registration Functionality Tests › Pass Cases - Valid Registration Scenarios › Register new user with valid data" classname="registration.spec.js" time="0">
<skipped>
</skipped>
</testcase>
<testcase name="User Registration Functionality Tests › Pass Cases - Valid Registration Scenarios › Register user with minimal required data" classname="registration.spec.js" time="0">
<skipped>
</skipped>
</testcase>
<testcase name="User Registration Functionality Tests › Pass Cases - Valid Registration Scenarios › Register female user with newsletter subscription" classname="registration.spec.js" time="0">
<skipped>
</skipped>
</testcase>
<testcase name="User Registration Functionality Tests › Fail Cases - Invalid Registration Scenarios › Register with empty required fields" classname="registration.spec.js" time="0">
<skipped>
</skipped>
</testcase>
<testcase name="User Registration Functionality Tests › Fail Cases - Invalid Registration Scenarios › Register with invalid email format" classname="registration.spec.js" time="0">
<skipped>
</skipped>
</testcase>
<testcase name="User Registration Functionality Tests › Fail Cases - Invalid Registration Scenarios › Register with password mismatch" classname="registration.spec.js" time="0">
<skipped>
</skipped>
</testcase>
<testcase name="User Registration Functionality Tests › Fail Cases - Invalid Registration Scenarios › Register with existing email" classname="registration.spec.js" time="0">
<skipped>
</skipped>
</testcase>
<testcase name="User Registration Functionality Tests › Fail Cases - Invalid Registration Scenarios › Register with weak password" classname="registration.spec.js" time="0">
<skipped>
</skipped>
</testcase>
<testcase name="User Registration Functionality Tests › Edge Cases - Boundary Testing › Register with very long names" classname="registration.spec.js" time="0">
<skipped>
</skipped>
</testcase>
<testcase name="User Registration Functionality Tests › Edge Cases - Boundary Testing › Register with very short valid data" classname="registration.spec.js" time="0">
<skipped>
</skipped>
</testcase>
<testcase name="User Registration Functionality Tests › Edge Cases - Boundary Testing › Register with special characters in name" classname="registration.spec.js" time="0">
<skipped>
</skipped>
</testcase>
<testcase name="User Registration Functionality Tests › Edge Cases - Boundary Testing › Register with international characters" classname="registration.spec.js" time="0">
<skipped>
</skipped>
</testcase>
<testcase name="User Registration Functionality Tests › Edge Cases - Boundary Testing › Register with birthday edge dates" classname="registration.spec.js" time="0">
<skipped>
</skipped>
</testcase>
</testsuite>
<testsuite name="search.spec.js" timestamp="2025-09-02T17:40:22.228Z" hostname="webkit" tests="11" failures="0" skipped="11" time="0" errors="0">
<testcase name="Search Functionality Tests › Pass Cases - Valid Search Scenarios › Search for existing product" classname="search.spec.js" time="0">
<skipped>
</skipped>
</testcase>
<testcase name="Search Functionality Tests › Pass Cases - Valid Search Scenarios › Search with different valid terms" classname="search.spec.js" time="0">
<skipped>
</skipped>
</testcase>
<testcase name="Search Functionality Tests › Pass Cases - Valid Search Scenarios › Advanced search with filters" classname="search.spec.js" time="0">
<skipped>
</skipped>
</testcase>
<testcase name="Search Functionality Tests › Fail Cases - Invalid Search Scenarios › Search for non-existent product" classname="search.spec.js" time="0">
<skipped>
</skipped>
</testcase>
<testcase name="Search Functionality Tests › Fail Cases - Invalid Search Scenarios › Search with special characters only" classname="search.spec.js" time="0">
<skipped>
</skipped>
</testcase>
<testcase name="Search Functionality Tests › Fail Cases - Invalid Search Scenarios › Search with SQL injection attempt" classname="search.spec.js" time="0">
<skipped>
</skipped>
</testcase>
<testcase name="Search Functionality Tests › Edge Cases - Boundary Testing › Empty search" classname="search.spec.js" time="0">
<skipped>
</skipped>
</testcase>
<testcase name="Search Functionality Tests › Edge Cases - Boundary Testing › Single character search" classname="search.spec.js" time="0">
<skipped>
</skipped>
</testcase>
<testcase name="Search Functionality Tests › Edge Cases - Boundary Testing › Very long search term" classname="search.spec.js" time="0">
<skipped>
</skipped>
</testcase>
<testcase name="Search Functionality Tests › Edge Cases - Boundary Testing › Search with leading and trailing spaces" classname="search.spec.js" time="0">
<skipped>
</skipped>
</testcase>
<testcase name="Search Functionality Tests › Edge Cases - Boundary Testing › Case sensitivity test" classname="search.spec.js" time="0">
<skipped>
</skipped>
</testcase>
</testsuite>
<testsuite name="site-navigation.spec.js" timestamp="2025-09-02T17:40:22.228Z" hostname="webkit" tests="7" failures="0" skipped="7" time="0" errors="0">
<testcase name="NopCommerce Site Accessibility &amp; Basic Navigation Tests › Pass Cases - Basic Site Functionality › Site loads and displays correctly" classname="site-navigation.spec.js" time="0">
<skipped>
</skipped>
</testcase>
<testcase name="NopCommerce Site Accessibility &amp; Basic Navigation Tests › Pass Cases - Basic Site Functionality › Main navigation links are functional" classname="site-navigation.spec.js" time="0">
<skipped>
</skipped>
</testcase>
<testcase name="NopCommerce Site Accessibility &amp; Basic Navigation Tests › Pass Cases - Basic Site Functionality › Header elements are accessible" classname="site-navigation.spec.js" time="0">
<skipped>
</skipped>
</testcase>
<testcase name="NopCommerce Site Accessibility &amp; Basic Navigation Tests › Fail Cases - Error Handling › Invalid URL returns appropriate error" classname="site-navigation.spec.js" time="0">
<skipped>
</skipped>
</testcase>
<testcase name="NopCommerce Site Accessibility &amp; Basic Navigation Tests › Edge Cases - Performance &amp; Compatibility › Page loads within acceptable time" classname="site-navigation.spec.js" time="0">
<skipped>
</skipped>
</testcase>
<testcase name="NopCommerce Site Accessibility &amp; Basic Navigation Tests › Edge Cases - Performance &amp; Compatibility › Mobile viewport compatibility" classname="site-navigation.spec.js" time="0">
<skipped>
</skipped>
</testcase>
<testcase name="NopCommerce Site Accessibility &amp; Basic Navigation Tests › Edge Cases - Performance &amp; Compatibility › Keyboard navigation accessibility" classname="site-navigation.spec.js" time="0">
<skipped>
</skipped>
</testcase>
</testsuite>
<testsuite name="wishlist.spec.js" timestamp="2025-09-02T17:40:22.228Z" hostname="webkit" tests="8" failures="0" skipped="8" time="0" errors="0">
<testcase name="Wishlist Functionality Tests › Pass Cases - Valid Wishlist Operations › Add product to wishlist" classname="wishlist.spec.js" time="0">
<skipped>
</skipped>
</testcase>
<testcase name="Wishlist Functionality Tests › Pass Cases - Valid Wishlist Operations › Add multiple products to wishlist" classname="wishlist.spec.js" time="0">
<skipped>
</skipped>
</testcase>
<testcase name="Wishlist Functionality Tests › Pass Cases - Valid Wishlist Operations › Move product from wishlist to cart" classname="wishlist.spec.js" time="0">
<skipped>
</skipped>
</testcase>
<testcase name="Wishlist Functionality Tests › Fail Cases - Invalid Wishlist Operations › Add same product multiple times to wishlist" classname="wishlist.spec.js" time="0">
<skipped>
</skipped>
</testcase>
<testcase name="Wishlist Functionality Tests › Fail Cases - Invalid Wishlist Operations › Access wishlist when empty" classname="wishlist.spec.js" time="0">
<skipped>
</skipped>
</testcase>
<testcase name="Wishlist Functionality Tests › Edge Cases - Boundary Testing › Remove all items from wishlist" classname="wishlist.spec.js" time="0">
<skipped>
</skipped>
</testcase>
<testcase name="Wishlist Functionality Tests › Edge Cases - Boundary Testing › Wishlist persistence across sessions" classname="wishlist.spec.js" time="0">
<skipped>
</skipped>
</testcase>
<testcase name="Wishlist Functionality Tests › Edge Cases - Boundary Testing › Maximum items in wishlist" classname="wishlist.spec.js" time="0">
<skipped>
</skipped>
</testcase>
</testsuite>
<testsuite name="cart.spec.js" timestamp="2025-09-02T17:40:22.228Z" hostname="msedge" tests="10" failures="0" skipped="10" time="0" errors="0">
<testcase name="Shopping Cart Functionality Tests › Pass Cases - Valid Cart Operations › Add single product to cart" classname="cart.spec.js" time="0">
<skipped>
</skipped>
</testcase>
<testcase name="Shopping Cart Functionality Tests › Pass Cases - Valid Cart Operations › Add multiple products to cart" classname="cart.spec.js" time="0">
<skipped>
</skipped>
</testcase>
<testcase name="Shopping Cart Functionality Tests › Pass Cases - Valid Cart Operations › Update product quantity in cart" classname="cart.spec.js" time="0">
<skipped>
</skipped>
</testcase>
<testcase name="Shopping Cart Functionality Tests › Fail Cases - Invalid Cart Operations › Add product with invalid quantity" classname="cart.spec.js" time="0">
<skipped>
</skipped>
</testcase>
<testcase name="Shopping Cart Functionality Tests › Fail Cases - Invalid Cart Operations › Update cart with zero quantity" classname="cart.spec.js" time="0">
<skipped>
</skipped>
</testcase>
<testcase name="Shopping Cart Functionality Tests › Fail Cases - Invalid Cart Operations › Apply invalid discount code" classname="cart.spec.js" time="0">
<skipped>
</skipped>
</testcase>
<testcase name="Shopping Cart Functionality Tests › Edge Cases - Boundary Testing › Add maximum allowed quantity" classname="cart.spec.js" time="0">
<skipped>
</skipped>
</testcase>
<testcase name="Shopping Cart Functionality Tests › Edge Cases - Boundary Testing › Remove all items from cart" classname="cart.spec.js" time="0">
<skipped>
</skipped>
</testcase>
<testcase name="Shopping Cart Functionality Tests › Edge Cases - Boundary Testing › Very long discount code" classname="cart.spec.js" time="0">
<skipped>
</skipped>
</testcase>
<testcase name="Shopping Cart Functionality Tests › Edge Cases - Boundary Testing › Cart persistence across browser refresh" classname="cart.spec.js" time="0">
<skipped>
</skipped>
</testcase>
</testsuite>
<testsuite name="currency.spec.js" timestamp="2025-09-02T17:40:22.228Z" hostname="msedge" tests="8" failures="0" skipped="8" time="0" errors="0">
<testcase name="Currency Change Functionality Tests › Pass Cases - Valid Currency Changes › Change currency to Euro" classname="currency.spec.js" time="0">
<skipped>
</skipped>
</testcase>
<testcase name="Currency Change Functionality Tests › Pass Cases - Valid Currency Changes › Change currency and verify symbol display" classname="currency.spec.js" time="0">
<skipped>
</skipped>
</testcase>
<testcase name="Currency Change Functionality Tests › Pass Cases - Valid Currency Changes › Currency persistence across navigation" classname="currency.spec.js" time="0">
<skipped>
</skipped>
</testcase>
<testcase name="Currency Change Functionality Tests › Fail Cases - Invalid Currency Operations › Attempt to select non-existent currency" classname="currency.spec.js" time="0">
<skipped>
</skipped>
</testcase>
<testcase name="Currency Change Functionality Tests › Edge Cases - Boundary Testing › Rapid currency changes" classname="currency.spec.js" time="0">
<skipped>
</skipped>
</testcase>
<testcase name="Currency Change Functionality Tests › Edge Cases - Boundary Testing › Currency change with empty cart" classname="currency.spec.js" time="0">
<skipped>
</skipped>
</testcase>
<testcase name="Currency Change Functionality Tests › Edge Cases - Boundary Testing › Currency change with items in cart" classname="currency.spec.js" time="0">
<skipped>
</skipped>
</testcase>
<testcase name="Currency Change Functionality Tests › Edge Cases - Boundary Testing › Browser refresh maintains currency selection" classname="currency.spec.js" time="0">
<skipped>
</skipped>
</testcase>
</testsuite>
<testsuite name="login.spec.js" timestamp="2025-09-02T17:40:22.228Z" hostname="msedge" tests="9" failures="0" skipped="9" time="0" errors="0">
<testcase name="Login Functionality Tests › Pass Cases - Valid Login Scenarios › Valid login with correct credentials" classname="login.spec.js" time="0">
<skipped>
</skipped>
</testcase>
<testcase name="Login Functionality Tests › Pass Cases - Valid Login Scenarios › Valid login with Remember Me option" classname="login.spec.js" time="0">
<skipped>
</skipped>
</testcase>
<testcase name="Login Functionality Tests › Pass Cases - Valid Login Scenarios › Logout functionality after valid login" classname="login.spec.js" time="0">
<skipped>
</skipped>
</testcase>
<testcase name="Login Functionality Tests › Fail Cases - Invalid Login Scenarios › Login with invalid credentials" classname="login.spec.js" time="0">
<skipped>
</skipped>
</testcase>
<testcase name="Login Functionality Tests › Fail Cases - Invalid Login Scenarios › Login with invalid email format" classname="login.spec.js" time="0">
<skipped>
</skipped>
</testcase>
<testcase name="Login Functionality Tests › Fail Cases - Invalid Login Scenarios › Login with empty credentials" classname="login.spec.js" time="0">
<skipped>
</skipped>
</testcase>
<testcase name="Login Functionality Tests › Edge Cases - Boundary Testing › Login with very long email" classname="login.spec.js" time="0">
<skipped>
</skipped>
</testcase>
<testcase name="Login Functionality Tests › Edge Cases - Boundary Testing › Login with very long password" classname="login.spec.js" time="0">
<skipped>
</skipped>
</testcase>
<testcase name="Login Functionality Tests › Edge Cases - Boundary Testing › Multiple failed login attempts" classname="login.spec.js" time="0">
<skipped>
</skipped>
</testcase>
</testsuite>
<testsuite name="newsletter.spec.js" timestamp="2025-09-02T17:40:22.228Z" hostname="msedge" tests="14" failures="0" skipped="14" time="0" errors="0">
<testcase name="Newsletter Subscription Functionality Tests › Pass Cases - Valid Newsletter Operations › Subscribe with valid email address" classname="newsletter.spec.js" time="0">
<skipped>
</skipped>
</testcase>
<testcase name="Newsletter Subscription Functionality Tests › Pass Cases - Valid Newsletter Operations › Subscribe from footer newsletter form" classname="newsletter.spec.js" time="0">
<skipped>
</skipped>
</testcase>
<testcase name="Newsletter Subscription Functionality Tests › Pass Cases - Valid Newsletter Operations › Newsletter form is visible and accessible" classname="newsletter.spec.js" time="0">
<skipped>
</skipped>
</testcase>
<testcase name="Newsletter Subscription Functionality Tests › Fail Cases - Invalid Newsletter Operations › Subscribe with invalid email format" classname="newsletter.spec.js" time="0">
<skipped>
</skipped>
</testcase>
<testcase name="Newsletter Subscription Functionality Tests › Fail Cases - Invalid Newsletter Operations › Subscribe with empty email field" classname="newsletter.spec.js" time="0">
<skipped>
</skipped>
</testcase>
<testcase name="Newsletter Subscription Functionality Tests › Fail Cases - Invalid Newsletter Operations › Subscribe with existing email address" classname="newsletter.spec.js" time="0">
<skipped>
</skipped>
</testcase>
<testcase name="Newsletter Subscription Functionality Tests › Edge Cases - Boundary Testing › Subscribe with very long email address" classname="newsletter.spec.js" time="0">
<skipped>
</skipped>
</testcase>
<testcase name="Newsletter Subscription Functionality Tests › Edge Cases - Boundary Testing › Subscribe with special characters in email" classname="newsletter.spec.js" time="0">
<skipped>
</skipped>
</testcase>
<testcase name="Newsletter Subscription Functionality Tests › Edge Cases - Boundary Testing › Subscribe with international domain email" classname="newsletter.spec.js" time="0">
<skipped>
</skipped>
</testcase>
<testcase name="Newsletter Subscription Functionality Tests › Edge Cases - Boundary Testing › Newsletter persistence across page navigation" classname="newsletter.spec.js" time="0">
<skipped>
</skipped>
</testcase>
<testcase name="Newsletter Subscription Functionality Tests › Edge Cases - Boundary Testing › Multiple rapid newsletter subscriptions" classname="newsletter.spec.js" time="0">
<skipped>
</skipped>
</testcase>
<testcase name="Newsletter Subscription Functionality Tests › Edge Cases - Boundary Testing › Newsletter unsubscribe functionality" classname="newsletter.spec.js" time="0">
<skipped>
</skipped>
</testcase>
<testcase name="Newsletter Subscription Functionality Tests › Edge Cases - Performance &amp; Compatibility › Newsletter form loads within acceptable time" classname="newsletter.spec.js" time="0">
<skipped>
</skipped>
</testcase>
<testcase name="Newsletter Subscription Functionality Tests › Edge Cases - Performance &amp; Compatibility › Newsletter form mobile compatibility" classname="newsletter.spec.js" time="0">
<skipped>
</skipped>
</testcase>
</testsuite>
<testsuite name="registration.spec.js" timestamp="2025-09-02T17:40:22.228Z" hostname="msedge" tests="13" failures="0" skipped="13" time="0" errors="0">
<testcase name="User Registration Functionality Tests › Pass Cases - Valid Registration Scenarios › Register new user with valid data" classname="registration.spec.js" time="0">
<skipped>
</skipped>
</testcase>
<testcase name="User Registration Functionality Tests › Pass Cases - Valid Registration Scenarios › Register user with minimal required data" classname="registration.spec.js" time="0">
<skipped>
</skipped>
</testcase>
<testcase name="User Registration Functionality Tests › Pass Cases - Valid Registration Scenarios › Register female user with newsletter subscription" classname="registration.spec.js" time="0">
<skipped>
</skipped>
</testcase>
<testcase name="User Registration Functionality Tests › Fail Cases - Invalid Registration Scenarios › Register with empty required fields" classname="registration.spec.js" time="0">
<skipped>
</skipped>
</testcase>
<testcase name="User Registration Functionality Tests › Fail Cases - Invalid Registration Scenarios › Register with invalid email format" classname="registration.spec.js" time="0">
<skipped>
</skipped>
</testcase>
<testcase name="User Registration Functionality Tests › Fail Cases - Invalid Registration Scenarios › Register with password mismatch" classname="registration.spec.js" time="0">
<skipped>
</skipped>
</testcase>
<testcase name="User Registration Functionality Tests › Fail Cases - Invalid Registration Scenarios › Register with existing email" classname="registration.spec.js" time="0">
<skipped>
</skipped>
</testcase>
<testcase name="User Registration Functionality Tests › Fail Cases - Invalid Registration Scenarios › Register with weak password" classname="registration.spec.js" time="0">
<skipped>
</skipped>
</testcase>
<testcase name="User Registration Functionality Tests › Edge Cases - Boundary Testing › Register with very long names" classname="registration.spec.js" time="0">
<skipped>
</skipped>
</testcase>
<testcase name="User Registration Functionality Tests › Edge Cases - Boundary Testing › Register with very short valid data" classname="registration.spec.js" time="0">
<skipped>
</skipped>
</testcase>
<testcase name="User Registration Functionality Tests › Edge Cases - Boundary Testing › Register with special characters in name" classname="registration.spec.js" time="0">
<skipped>
</skipped>
</testcase>
<testcase name="User Registration Functionality Tests › Edge Cases - Boundary Testing › Register with international characters" classname="registration.spec.js" time="0">
<skipped>
</skipped>
</testcase>
<testcase name="User Registration Functionality Tests › Edge Cases - Boundary Testing › Register with birthday edge dates" classname="registration.spec.js" time="0">
<skipped>
</skipped>
</testcase>
</testsuite>
<testsuite name="search.spec.js" timestamp="2025-09-02T17:40:22.228Z" hostname="msedge" tests="11" failures="0" skipped="11" time="0" errors="0">
<testcase name="Search Functionality Tests › Pass Cases - Valid Search Scenarios › Search for existing product" classname="search.spec.js" time="0">
<skipped>
</skipped>
</testcase>
<testcase name="Search Functionality Tests › Pass Cases - Valid Search Scenarios › Search with different valid terms" classname="search.spec.js" time="0">
<skipped>
</skipped>
</testcase>
<testcase name="Search Functionality Tests › Pass Cases - Valid Search Scenarios › Advanced search with filters" classname="search.spec.js" time="0">
<skipped>
</skipped>
</testcase>
<testcase name="Search Functionality Tests › Fail Cases - Invalid Search Scenarios › Search for non-existent product" classname="search.spec.js" time="0">
<skipped>
</skipped>
</testcase>
<testcase name="Search Functionality Tests › Fail Cases - Invalid Search Scenarios › Search with special characters only" classname="search.spec.js" time="0">
<skipped>
</skipped>
</testcase>
<testcase name="Search Functionality Tests › Fail Cases - Invalid Search Scenarios › Search with SQL injection attempt" classname="search.spec.js" time="0">
<skipped>
</skipped>
</testcase>
<testcase name="Search Functionality Tests › Edge Cases - Boundary Testing › Empty search" classname="search.spec.js" time="0">
<skipped>
</skipped>
</testcase>
<testcase name="Search Functionality Tests › Edge Cases - Boundary Testing › Single character search" classname="search.spec.js" time="0">
<skipped>
</skipped>
</testcase>
<testcase name="Search Functionality Tests › Edge Cases - Boundary Testing › Very long search term" classname="search.spec.js" time="0">
<skipped>
</skipped>
</testcase>
<testcase name="Search Functionality Tests › Edge Cases - Boundary Testing › Search with leading and trailing spaces" classname="search.spec.js" time="0">
<skipped>
</skipped>
</testcase>
<testcase name="Search Functionality Tests › Edge Cases - Boundary Testing › Case sensitivity test" classname="search.spec.js" time="0">
<skipped>
</skipped>
</testcase>
</testsuite>
<testsuite name="site-navigation.spec.js" timestamp="2025-09-02T17:40:22.228Z" hostname="msedge" tests="7" failures="0" skipped="7" time="0" errors="0">
<testcase name="NopCommerce Site Accessibility &amp; Basic Navigation Tests › Pass Cases - Basic Site Functionality › Site loads and displays correctly" classname="site-navigation.spec.js" time="0">
<skipped>
</skipped>
</testcase>
<testcase name="NopCommerce Site Accessibility &amp; Basic Navigation Tests › Pass Cases - Basic Site Functionality › Main navigation links are functional" classname="site-navigation.spec.js" time="0">
<skipped>
</skipped>
</testcase>
<testcase name="NopCommerce Site Accessibility &amp; Basic Navigation Tests › Pass Cases - Basic Site Functionality › Header elements are accessible" classname="site-navigation.spec.js" time="0">
<skipped>
</skipped>
</testcase>
<testcase name="NopCommerce Site Accessibility &amp; Basic Navigation Tests › Fail Cases - Error Handling › Invalid URL returns appropriate error" classname="site-navigation.spec.js" time="0">
<skipped>
</skipped>
</testcase>
<testcase name="NopCommerce Site Accessibility &amp; Basic Navigation Tests › Edge Cases - Performance &amp; Compatibility › Page loads within acceptable time" classname="site-navigation.spec.js" time="0">
<skipped>
</skipped>
</testcase>
<testcase name="NopCommerce Site Accessibility &amp; Basic Navigation Tests › Edge Cases - Performance &amp; Compatibility › Mobile viewport compatibility" classname="site-navigation.spec.js" time="0">
<skipped>
</skipped>
</testcase>
<testcase name="NopCommerce Site Accessibility &amp; Basic Navigation Tests › Edge Cases - Performance &amp; Compatibility › Keyboard navigation accessibility" classname="site-navigation.spec.js" time="0">
<skipped>
</skipped>
</testcase>
</testsuite>
<testsuite name="wishlist.spec.js" timestamp="2025-09-02T17:40:22.228Z" hostname="msedge" tests="8" failures="0" skipped="8" time="0" errors="0">
<testcase name="Wishlist Functionality Tests › Pass Cases - Valid Wishlist Operations › Add product to wishlist" classname="wishlist.spec.js" time="0">
<skipped>
</skipped>
</testcase>
<testcase name="Wishlist Functionality Tests › Pass Cases - Valid Wishlist Operations › Add multiple products to wishlist" classname="wishlist.spec.js" time="0">
<skipped>
</skipped>
</testcase>
<testcase name="Wishlist Functionality Tests › Pass Cases - Valid Wishlist Operations › Move product from wishlist to cart" classname="wishlist.spec.js" time="0">
<skipped>
</skipped>
</testcase>
<testcase name="Wishlist Functionality Tests › Fail Cases - Invalid Wishlist Operations › Add same product multiple times to wishlist" classname="wishlist.spec.js" time="0">
<skipped>
</skipped>
</testcase>
<testcase name="Wishlist Functionality Tests › Fail Cases - Invalid Wishlist Operations › Access wishlist when empty" classname="wishlist.spec.js" time="0">
<skipped>
</skipped>
</testcase>
<testcase name="Wishlist Functionality Tests › Edge Cases - Boundary Testing › Remove all items from wishlist" classname="wishlist.spec.js" time="0">
<skipped>
</skipped>
</testcase>
<testcase name="Wishlist Functionality Tests › Edge Cases - Boundary Testing › Wishlist persistence across sessions" classname="wishlist.spec.js" time="0">
<skipped>
</skipped>
</testcase>
<testcase name="Wishlist Functionality Tests › Edge Cases - Boundary Testing › Maximum items in wishlist" classname="wishlist.spec.js" time="0">
<skipped>
</skipped>
</testcase>
</testsuite>
<testsuite name="cart.spec.js" timestamp="2025-09-02T17:40:22.228Z" hostname="Mobile Chrome" tests="10" failures="0" skipped="10" time="0" errors="0">
<testcase name="Shopping Cart Functionality Tests › Pass Cases - Valid Cart Operations › Add single product to cart" classname="cart.spec.js" time="0">
<skipped>
</skipped>
</testcase>
<testcase name="Shopping Cart Functionality Tests › Pass Cases - Valid Cart Operations › Add multiple products to cart" classname="cart.spec.js" time="0">
<skipped>
</skipped>
</testcase>
<testcase name="Shopping Cart Functionality Tests › Pass Cases - Valid Cart Operations › Update product quantity in cart" classname="cart.spec.js" time="0">
<skipped>
</skipped>
</testcase>
<testcase name="Shopping Cart Functionality Tests › Fail Cases - Invalid Cart Operations › Add product with invalid quantity" classname="cart.spec.js" time="0">
<skipped>
</skipped>
</testcase>
<testcase name="Shopping Cart Functionality Tests › Fail Cases - Invalid Cart Operations › Update cart with zero quantity" classname="cart.spec.js" time="0">
<skipped>
</skipped>
</testcase>
<testcase name="Shopping Cart Functionality Tests › Fail Cases - Invalid Cart Operations › Apply invalid discount code" classname="cart.spec.js" time="0">
<skipped>
</skipped>
</testcase>
<testcase name="Shopping Cart Functionality Tests › Edge Cases - Boundary Testing › Add maximum allowed quantity" classname="cart.spec.js" time="0">
<skipped>
</skipped>
</testcase>
<testcase name="Shopping Cart Functionality Tests › Edge Cases - Boundary Testing › Remove all items from cart" classname="cart.spec.js" time="0">
<skipped>
</skipped>
</testcase>
<testcase name="Shopping Cart Functionality Tests › Edge Cases - Boundary Testing › Very long discount code" classname="cart.spec.js" time="0">
<skipped>
</skipped>
</testcase>
<testcase name="Shopping Cart Functionality Tests › Edge Cases - Boundary Testing › Cart persistence across browser refresh" classname="cart.spec.js" time="0">
<skipped>
</skipped>
</testcase>
</testsuite>
<testsuite name="currency.spec.js" timestamp="2025-09-02T17:40:22.228Z" hostname="Mobile Chrome" tests="8" failures="0" skipped="8" time="0" errors="0">
<testcase name="Currency Change Functionality Tests › Pass Cases - Valid Currency Changes › Change currency to Euro" classname="currency.spec.js" time="0">
<skipped>
</skipped>
</testcase>
<testcase name="Currency Change Functionality Tests › Pass Cases - Valid Currency Changes › Change currency and verify symbol display" classname="currency.spec.js" time="0">
<skipped>
</skipped>
</testcase>
<testcase name="Currency Change Functionality Tests › Pass Cases - Valid Currency Changes › Currency persistence across navigation" classname="currency.spec.js" time="0">
<skipped>
</skipped>
</testcase>
<testcase name="Currency Change Functionality Tests › Fail Cases - Invalid Currency Operations › Attempt to select non-existent currency" classname="currency.spec.js" time="0">
<skipped>
</skipped>
</testcase>
<testcase name="Currency Change Functionality Tests › Edge Cases - Boundary Testing › Rapid currency changes" classname="currency.spec.js" time="0">
<skipped>
</skipped>
</testcase>
<testcase name="Currency Change Functionality Tests › Edge Cases - Boundary Testing › Currency change with empty cart" classname="currency.spec.js" time="0">
<skipped>
</skipped>
</testcase>
<testcase name="Currency Change Functionality Tests › Edge Cases - Boundary Testing › Currency change with items in cart" classname="currency.spec.js" time="0">
<skipped>
</skipped>
</testcase>
<testcase name="Currency Change Functionality Tests › Edge Cases - Boundary Testing › Browser refresh maintains currency selection" classname="currency.spec.js" time="0">
<skipped>
</skipped>
</testcase>
</testsuite>
<testsuite name="login.spec.js" timestamp="2025-09-02T17:40:22.228Z" hostname="Mobile Chrome" tests="9" failures="0" skipped="9" time="0" errors="0">
<testcase name="Login Functionality Tests › Pass Cases - Valid Login Scenarios › Valid login with correct credentials" classname="login.spec.js" time="0">
<skipped>
</skipped>
</testcase>
<testcase name="Login Functionality Tests › Pass Cases - Valid Login Scenarios › Valid login with Remember Me option" classname="login.spec.js" time="0">
<skipped>
</skipped>
</testcase>
<testcase name="Login Functionality Tests › Pass Cases - Valid Login Scenarios › Logout functionality after valid login" classname="login.spec.js" time="0">
<skipped>
</skipped>
</testcase>
<testcase name="Login Functionality Tests › Fail Cases - Invalid Login Scenarios › Login with invalid credentials" classname="login.spec.js" time="0">
<skipped>
</skipped>
</testcase>
<testcase name="Login Functionality Tests › Fail Cases - Invalid Login Scenarios › Login with invalid email format" classname="login.spec.js" time="0">
<skipped>
</skipped>
</testcase>
<testcase name="Login Functionality Tests › Fail Cases - Invalid Login Scenarios › Login with empty credentials" classname="login.spec.js" time="0">
<skipped>
</skipped>
</testcase>
<testcase name="Login Functionality Tests › Edge Cases - Boundary Testing › Login with very long email" classname="login.spec.js" time="0">
<skipped>
</skipped>
</testcase>
<testcase name="Login Functionality Tests › Edge Cases - Boundary Testing › Login with very long password" classname="login.spec.js" time="0">
<skipped>
</skipped>
</testcase>
<testcase name="Login Functionality Tests › Edge Cases - Boundary Testing › Multiple failed login attempts" classname="login.spec.js" time="0">
<skipped>
</skipped>
</testcase>
</testsuite>
<testsuite name="newsletter.spec.js" timestamp="2025-09-02T17:40:22.228Z" hostname="Mobile Chrome" tests="14" failures="0" skipped="14" time="0" errors="0">
<testcase name="Newsletter Subscription Functionality Tests › Pass Cases - Valid Newsletter Operations › Subscribe with valid email address" classname="newsletter.spec.js" time="0">
<skipped>
</skipped>
</testcase>
<testcase name="Newsletter Subscription Functionality Tests › Pass Cases - Valid Newsletter Operations › Subscribe from footer newsletter form" classname="newsletter.spec.js" time="0">
<skipped>
</skipped>
</testcase>
<testcase name="Newsletter Subscription Functionality Tests › Pass Cases - Valid Newsletter Operations › Newsletter form is visible and accessible" classname="newsletter.spec.js" time="0">
<skipped>
</skipped>
</testcase>
<testcase name="Newsletter Subscription Functionality Tests › Fail Cases - Invalid Newsletter Operations › Subscribe with invalid email format" classname="newsletter.spec.js" time="0">
<skipped>
</skipped>
</testcase>
<testcase name="Newsletter Subscription Functionality Tests › Fail Cases - Invalid Newsletter Operations › Subscribe with empty email field" classname="newsletter.spec.js" time="0">
<skipped>
</skipped>
</testcase>
<testcase name="Newsletter Subscription Functionality Tests › Fail Cases - Invalid Newsletter Operations › Subscribe with existing email address" classname="newsletter.spec.js" time="0">
<skipped>
</skipped>
</testcase>
<testcase name="Newsletter Subscription Functionality Tests › Edge Cases - Boundary Testing › Subscribe with very long email address" classname="newsletter.spec.js" time="0">
<skipped>
</skipped>
</testcase>
<testcase name="Newsletter Subscription Functionality Tests › Edge Cases - Boundary Testing › Subscribe with special characters in email" classname="newsletter.spec.js" time="0">
<skipped>
</skipped>
</testcase>
<testcase name="Newsletter Subscription Functionality Tests › Edge Cases - Boundary Testing › Subscribe with international domain email" classname="newsletter.spec.js" time="0">
<skipped>
</skipped>
</testcase>
<testcase name="Newsletter Subscription Functionality Tests › Edge Cases - Boundary Testing › Newsletter persistence across page navigation" classname="newsletter.spec.js" time="0">
<skipped>
</skipped>
</testcase>
<testcase name="Newsletter Subscription Functionality Tests › Edge Cases - Boundary Testing › Multiple rapid newsletter subscriptions" classname="newsletter.spec.js" time="0">
<skipped>
</skipped>
</testcase>
<testcase name="Newsletter Subscription Functionality Tests › Edge Cases - Boundary Testing › Newsletter unsubscribe functionality" classname="newsletter.spec.js" time="0">
<skipped>
</skipped>
</testcase>
<testcase name="Newsletter Subscription Functionality Tests › Edge Cases - Performance &amp; Compatibility › Newsletter form loads within acceptable time" classname="newsletter.spec.js" time="0">
<skipped>
</skipped>
</testcase>
<testcase name="Newsletter Subscription Functionality Tests › Edge Cases - Performance &amp; Compatibility › Newsletter form mobile compatibility" classname="newsletter.spec.js" time="0">
<skipped>
</skipped>
</testcase>
</testsuite>
<testsuite name="registration.spec.js" timestamp="2025-09-02T17:40:22.228Z" hostname="Mobile Chrome" tests="13" failures="0" skipped="13" time="0" errors="0">
<testcase name="User Registration Functionality Tests › Pass Cases - Valid Registration Scenarios › Register new user with valid data" classname="registration.spec.js" time="0">
<skipped>
</skipped>
</testcase>
<testcase name="User Registration Functionality Tests › Pass Cases - Valid Registration Scenarios › Register user with minimal required data" classname="registration.spec.js" time="0">
<skipped>
</skipped>
</testcase>
<testcase name="User Registration Functionality Tests › Pass Cases - Valid Registration Scenarios › Register female user with newsletter subscription" classname="registration.spec.js" time="0">
<skipped>
</skipped>
</testcase>
<testcase name="User Registration Functionality Tests › Fail Cases - Invalid Registration Scenarios › Register with empty required fields" classname="registration.spec.js" time="0">
<skipped>
</skipped>
</testcase>
<testcase name="User Registration Functionality Tests › Fail Cases - Invalid Registration Scenarios › Register with invalid email format" classname="registration.spec.js" time="0">
<skipped>
</skipped>
</testcase>
<testcase name="User Registration Functionality Tests › Fail Cases - Invalid Registration Scenarios › Register with password mismatch" classname="registration.spec.js" time="0">
<skipped>
</skipped>
</testcase>
<testcase name="User Registration Functionality Tests › Fail Cases - Invalid Registration Scenarios › Register with existing email" classname="registration.spec.js" time="0">
<skipped>
</skipped>
</testcase>
<testcase name="User Registration Functionality Tests › Fail Cases - Invalid Registration Scenarios › Register with weak password" classname="registration.spec.js" time="0">
<skipped>
</skipped>
</testcase>
<testcase name="User Registration Functionality Tests › Edge Cases - Boundary Testing › Register with very long names" classname="registration.spec.js" time="0">
<skipped>
</skipped>
</testcase>
<testcase name="User Registration Functionality Tests › Edge Cases - Boundary Testing › Register with very short valid data" classname="registration.spec.js" time="0">
<skipped>
</skipped>
</testcase>
<testcase name="User Registration Functionality Tests › Edge Cases - Boundary Testing › Register with special characters in name" classname="registration.spec.js" time="0">
<skipped>
</skipped>
</testcase>
<testcase name="User Registration Functionality Tests › Edge Cases - Boundary Testing › Register with international characters" classname="registration.spec.js" time="0">
<skipped>
</skipped>
</testcase>
<testcase name="User Registration Functionality Tests › Edge Cases - Boundary Testing › Register with birthday edge dates" classname="registration.spec.js" time="0">
<skipped>
</skipped>
</testcase>
</testsuite>
<testsuite name="search.spec.js" timestamp="2025-09-02T17:40:22.228Z" hostname="Mobile Chrome" tests="11" failures="0" skipped="11" time="0" errors="0">
<testcase name="Search Functionality Tests › Pass Cases - Valid Search Scenarios › Search for existing product" classname="search.spec.js" time="0">
<skipped>
</skipped>
</testcase>
<testcase name="Search Functionality Tests › Pass Cases - Valid Search Scenarios › Search with different valid terms" classname="search.spec.js" time="0">
<skipped>
</skipped>
</testcase>
<testcase name="Search Functionality Tests › Pass Cases - Valid Search Scenarios › Advanced search with filters" classname="search.spec.js" time="0">
<skipped>
</skipped>
</testcase>
<testcase name="Search Functionality Tests › Fail Cases - Invalid Search Scenarios › Search for non-existent product" classname="search.spec.js" time="0">
<skipped>
</skipped>
</testcase>
<testcase name="Search Functionality Tests › Fail Cases - Invalid Search Scenarios › Search with special characters only" classname="search.spec.js" time="0">
<skipped>
</skipped>
</testcase>
<testcase name="Search Functionality Tests › Fail Cases - Invalid Search Scenarios › Search with SQL injection attempt" classname="search.spec.js" time="0">
<skipped>
</skipped>
</testcase>
<testcase name="Search Functionality Tests › Edge Cases - Boundary Testing › Empty search" classname="search.spec.js" time="0">
<skipped>
</skipped>
</testcase>
<testcase name="Search Functionality Tests › Edge Cases - Boundary Testing › Single character search" classname="search.spec.js" time="0">
<skipped>
</skipped>
</testcase>
<testcase name="Search Functionality Tests › Edge Cases - Boundary Testing › Very long search term" classname="search.spec.js" time="0">
<skipped>
</skipped>
</testcase>
<testcase name="Search Functionality Tests › Edge Cases - Boundary Testing › Search with leading and trailing spaces" classname="search.spec.js" time="0">
<skipped>
</skipped>
</testcase>
<testcase name="Search Functionality Tests › Edge Cases - Boundary Testing › Case sensitivity test" classname="search.spec.js" time="0">
<skipped>
</skipped>
</testcase>
</testsuite>
<testsuite name="site-navigation.spec.js" timestamp="2025-09-02T17:40:22.228Z" hostname="Mobile Chrome" tests="7" failures="0" skipped="7" time="0" errors="0">
<testcase name="NopCommerce Site Accessibility &amp; Basic Navigation Tests › Pass Cases - Basic Site Functionality › Site loads and displays correctly" classname="site-navigation.spec.js" time="0">
<skipped>
</skipped>
</testcase>
<testcase name="NopCommerce Site Accessibility &amp; Basic Navigation Tests › Pass Cases - Basic Site Functionality › Main navigation links are functional" classname="site-navigation.spec.js" time="0">
<skipped>
</skipped>
</testcase>
<testcase name="NopCommerce Site Accessibility &amp; Basic Navigation Tests › Pass Cases - Basic Site Functionality › Header elements are accessible" classname="site-navigation.spec.js" time="0">
<skipped>
</skipped>
</testcase>
<testcase name="NopCommerce Site Accessibility &amp; Basic Navigation Tests › Fail Cases - Error Handling › Invalid URL returns appropriate error" classname="site-navigation.spec.js" time="0">
<skipped>
</skipped>
</testcase>
<testcase name="NopCommerce Site Accessibility &amp; Basic Navigation Tests › Edge Cases - Performance &amp; Compatibility › Page loads within acceptable time" classname="site-navigation.spec.js" time="0">
<skipped>
</skipped>
</testcase>
<testcase name="NopCommerce Site Accessibility &amp; Basic Navigation Tests › Edge Cases - Performance &amp; Compatibility › Mobile viewport compatibility" classname="site-navigation.spec.js" time="0">
<skipped>
</skipped>
</testcase>
<testcase name="NopCommerce Site Accessibility &amp; Basic Navigation Tests › Edge Cases - Performance &amp; Compatibility › Keyboard navigation accessibility" classname="site-navigation.spec.js" time="0">
<skipped>
</skipped>
</testcase>
</testsuite>
<testsuite name="wishlist.spec.js" timestamp="2025-09-02T17:40:22.228Z" hostname="Mobile Chrome" tests="8" failures="0" skipped="8" time="0" errors="0">
<testcase name="Wishlist Functionality Tests › Pass Cases - Valid Wishlist Operations › Add product to wishlist" classname="wishlist.spec.js" time="0">
<skipped>
</skipped>
</testcase>
<testcase name="Wishlist Functionality Tests › Pass Cases - Valid Wishlist Operations › Add multiple products to wishlist" classname="wishlist.spec.js" time="0">
<skipped>
</skipped>
</testcase>
<testcase name="Wishlist Functionality Tests › Pass Cases - Valid Wishlist Operations › Move product from wishlist to cart" classname="wishlist.spec.js" time="0">
<skipped>
</skipped>
</testcase>
<testcase name="Wishlist Functionality Tests › Fail Cases - Invalid Wishlist Operations › Add same product multiple times to wishlist" classname="wishlist.spec.js" time="0">
<skipped>
</skipped>
</testcase>
<testcase name="Wishlist Functionality Tests › Fail Cases - Invalid Wishlist Operations › Access wishlist when empty" classname="wishlist.spec.js" time="0">
<skipped>
</skipped>
</testcase>
<testcase name="Wishlist Functionality Tests › Edge Cases - Boundary Testing › Remove all items from wishlist" classname="wishlist.spec.js" time="0">
<skipped>
</skipped>
</testcase>
<testcase name="Wishlist Functionality Tests › Edge Cases - Boundary Testing › Wishlist persistence across sessions" classname="wishlist.spec.js" time="0">
<skipped>
</skipped>
</testcase>
<testcase name="Wishlist Functionality Tests › Edge Cases - Boundary Testing › Maximum items in wishlist" classname="wishlist.spec.js" time="0">
<skipped>
</skipped>
</testcase>
</testsuite>
<testsuite name="cart.spec.js" timestamp="2025-09-02T17:40:22.228Z" hostname="Mobile Safari" tests="10" failures="0" skipped="10" time="0" errors="0">
<testcase name="Shopping Cart Functionality Tests › Pass Cases - Valid Cart Operations › Add single product to cart" classname="cart.spec.js" time="0">
<skipped>
</skipped>
</testcase>
<testcase name="Shopping Cart Functionality Tests › Pass Cases - Valid Cart Operations › Add multiple products to cart" classname="cart.spec.js" time="0">
<skipped>
</skipped>
</testcase>
<testcase name="Shopping Cart Functionality Tests › Pass Cases - Valid Cart Operations › Update product quantity in cart" classname="cart.spec.js" time="0">
<skipped>
</skipped>
</testcase>
<testcase name="Shopping Cart Functionality Tests › Fail Cases - Invalid Cart Operations › Add product with invalid quantity" classname="cart.spec.js" time="0">
<skipped>
</skipped>
</testcase>
<testcase name="Shopping Cart Functionality Tests › Fail Cases - Invalid Cart Operations › Update cart with zero quantity" classname="cart.spec.js" time="0">
<skipped>
</skipped>
</testcase>
<testcase name="Shopping Cart Functionality Tests › Fail Cases - Invalid Cart Operations › Apply invalid discount code" classname="cart.spec.js" time="0">
<skipped>
</skipped>
</testcase>
<testcase name="Shopping Cart Functionality Tests › Edge Cases - Boundary Testing › Add maximum allowed quantity" classname="cart.spec.js" time="0">
<skipped>
</skipped>
</testcase>
<testcase name="Shopping Cart Functionality Tests › Edge Cases - Boundary Testing › Remove all items from cart" classname="cart.spec.js" time="0">
<skipped>
</skipped>
</testcase>
<testcase name="Shopping Cart Functionality Tests › Edge Cases - Boundary Testing › Very long discount code" classname="cart.spec.js" time="0">
<skipped>
</skipped>
</testcase>
<testcase name="Shopping Cart Functionality Tests › Edge Cases - Boundary Testing › Cart persistence across browser refresh" classname="cart.spec.js" time="0">
<skipped>
</skipped>
</testcase>
</testsuite>
<testsuite name="currency.spec.js" timestamp="2025-09-02T17:40:22.228Z" hostname="Mobile Safari" tests="8" failures="0" skipped="8" time="0" errors="0">
<testcase name="Currency Change Functionality Tests › Pass Cases - Valid Currency Changes › Change currency to Euro" classname="currency.spec.js" time="0">
<skipped>
</skipped>
</testcase>
<testcase name="Currency Change Functionality Tests › Pass Cases - Valid Currency Changes › Change currency and verify symbol display" classname="currency.spec.js" time="0">
<skipped>
</skipped>
</testcase>
<testcase name="Currency Change Functionality Tests › Pass Cases - Valid Currency Changes › Currency persistence across navigation" classname="currency.spec.js" time="0">
<skipped>
</skipped>
</testcase>
<testcase name="Currency Change Functionality Tests › Fail Cases - Invalid Currency Operations › Attempt to select non-existent currency" classname="currency.spec.js" time="0">
<skipped>
</skipped>
</testcase>
<testcase name="Currency Change Functionality Tests › Edge Cases - Boundary Testing › Rapid currency changes" classname="currency.spec.js" time="0">
<skipped>
</skipped>
</testcase>
<testcase name="Currency Change Functionality Tests › Edge Cases - Boundary Testing › Currency change with empty cart" classname="currency.spec.js" time="0">
<skipped>
</skipped>
</testcase>
<testcase name="Currency Change Functionality Tests › Edge Cases - Boundary Testing › Currency change with items in cart" classname="currency.spec.js" time="0">
<skipped>
</skipped>
</testcase>
<testcase name="Currency Change Functionality Tests › Edge Cases - Boundary Testing › Browser refresh maintains currency selection" classname="currency.spec.js" time="0">
<skipped>
</skipped>
</testcase>
</testsuite>
<testsuite name="login.spec.js" timestamp="2025-09-02T17:40:22.228Z" hostname="Mobile Safari" tests="9" failures="0" skipped="9" time="0" errors="0">
<testcase name="Login Functionality Tests › Pass Cases - Valid Login Scenarios › Valid login with correct credentials" classname="login.spec.js" time="0">
<skipped>
</skipped>
</testcase>
<testcase name="Login Functionality Tests › Pass Cases - Valid Login Scenarios › Valid login with Remember Me option" classname="login.spec.js" time="0">
<skipped>
</skipped>
</testcase>
<testcase name="Login Functionality Tests › Pass Cases - Valid Login Scenarios › Logout functionality after valid login" classname="login.spec.js" time="0">
<skipped>
</skipped>
</testcase>
<testcase name="Login Functionality Tests › Fail Cases - Invalid Login Scenarios › Login with invalid credentials" classname="login.spec.js" time="0">
<skipped>
</skipped>
</testcase>
<testcase name="Login Functionality Tests › Fail Cases - Invalid Login Scenarios › Login with invalid email format" classname="login.spec.js" time="0">
<skipped>
</skipped>
</testcase>
<testcase name="Login Functionality Tests › Fail Cases - Invalid Login Scenarios › Login with empty credentials" classname="login.spec.js" time="0">
<skipped>
</skipped>
</testcase>
<testcase name="Login Functionality Tests › Edge Cases - Boundary Testing › Login with very long email" classname="login.spec.js" time="0">
<skipped>
</skipped>
</testcase>
<testcase name="Login Functionality Tests › Edge Cases - Boundary Testing › Login with very long password" classname="login.spec.js" time="0">
<skipped>
</skipped>
</testcase>
<testcase name="Login Functionality Tests › Edge Cases - Boundary Testing › Multiple failed login attempts" classname="login.spec.js" time="0">
<skipped>
</skipped>
</testcase>
</testsuite>
<testsuite name="newsletter.spec.js" timestamp="2025-09-02T17:40:22.228Z" hostname="Mobile Safari" tests="14" failures="0" skipped="14" time="0" errors="0">
<testcase name="Newsletter Subscription Functionality Tests › Pass Cases - Valid Newsletter Operations › Subscribe with valid email address" classname="newsletter.spec.js" time="0">
<skipped>
</skipped>
</testcase>
<testcase name="Newsletter Subscription Functionality Tests › Pass Cases - Valid Newsletter Operations › Subscribe from footer newsletter form" classname="newsletter.spec.js" time="0">
<skipped>
</skipped>
</testcase>
<testcase name="Newsletter Subscription Functionality Tests › Pass Cases - Valid Newsletter Operations › Newsletter form is visible and accessible" classname="newsletter.spec.js" time="0">
<skipped>
</skipped>
</testcase>
<testcase name="Newsletter Subscription Functionality Tests › Fail Cases - Invalid Newsletter Operations › Subscribe with invalid email format" classname="newsletter.spec.js" time="0">
<skipped>
</skipped>
</testcase>
<testcase name="Newsletter Subscription Functionality Tests › Fail Cases - Invalid Newsletter Operations › Subscribe with empty email field" classname="newsletter.spec.js" time="0">
<skipped>
</skipped>
</testcase>
<testcase name="Newsletter Subscription Functionality Tests › Fail Cases - Invalid Newsletter Operations › Subscribe with existing email address" classname="newsletter.spec.js" time="0">
<skipped>
</skipped>
</testcase>
<testcase name="Newsletter Subscription Functionality Tests › Edge Cases - Boundary Testing › Subscribe with very long email address" classname="newsletter.spec.js" time="0">
<skipped>
</skipped>
</testcase>
<testcase name="Newsletter Subscription Functionality Tests › Edge Cases - Boundary Testing › Subscribe with special characters in email" classname="newsletter.spec.js" time="0">
<skipped>
</skipped>
</testcase>
<testcase name="Newsletter Subscription Functionality Tests › Edge Cases - Boundary Testing › Subscribe with international domain email" classname="newsletter.spec.js" time="0">
<skipped>
</skipped>
</testcase>
<testcase name="Newsletter Subscription Functionality Tests › Edge Cases - Boundary Testing › Newsletter persistence across page navigation" classname="newsletter.spec.js" time="0">
<skipped>
</skipped>
</testcase>
<testcase name="Newsletter Subscription Functionality Tests › Edge Cases - Boundary Testing › Multiple rapid newsletter subscriptions" classname="newsletter.spec.js" time="0">
<skipped>
</skipped>
</testcase>
<testcase name="Newsletter Subscription Functionality Tests › Edge Cases - Boundary Testing › Newsletter unsubscribe functionality" classname="newsletter.spec.js" time="0">
<skipped>
</skipped>
</testcase>
<testcase name="Newsletter Subscription Functionality Tests › Edge Cases - Performance &amp; Compatibility › Newsletter form loads within acceptable time" classname="newsletter.spec.js" time="0">
<skipped>
</skipped>
</testcase>
<testcase name="Newsletter Subscription Functionality Tests › Edge Cases - Performance &amp; Compatibility › Newsletter form mobile compatibility" classname="newsletter.spec.js" time="0">
<skipped>
</skipped>
</testcase>
</testsuite>
<testsuite name="registration.spec.js" timestamp="2025-09-02T17:40:22.228Z" hostname="Mobile Safari" tests="13" failures="0" skipped="13" time="0" errors="0">
<testcase name="User Registration Functionality Tests › Pass Cases - Valid Registration Scenarios › Register new user with valid data" classname="registration.spec.js" time="0">
<skipped>
</skipped>
</testcase>
<testcase name="User Registration Functionality Tests › Pass Cases - Valid Registration Scenarios › Register user with minimal required data" classname="registration.spec.js" time="0">
<skipped>
</skipped>
</testcase>
<testcase name="User Registration Functionality Tests › Pass Cases - Valid Registration Scenarios › Register female user with newsletter subscription" classname="registration.spec.js" time="0">
<skipped>
</skipped>
</testcase>
<testcase name="User Registration Functionality Tests › Fail Cases - Invalid Registration Scenarios › Register with empty required fields" classname="registration.spec.js" time="0">
<skipped>
</skipped>
</testcase>
<testcase name="User Registration Functionality Tests › Fail Cases - Invalid Registration Scenarios › Register with invalid email format" classname="registration.spec.js" time="0">
<skipped>
</skipped>
</testcase>
<testcase name="User Registration Functionality Tests › Fail Cases - Invalid Registration Scenarios › Register with password mismatch" classname="registration.spec.js" time="0">
<skipped>
</skipped>
</testcase>
<testcase name="User Registration Functionality Tests › Fail Cases - Invalid Registration Scenarios › Register with existing email" classname="registration.spec.js" time="0">
<skipped>
</skipped>
</testcase>
<testcase name="User Registration Functionality Tests › Fail Cases - Invalid Registration Scenarios › Register with weak password" classname="registration.spec.js" time="0">
<skipped>
</skipped>
</testcase>
<testcase name="User Registration Functionality Tests › Edge Cases - Boundary Testing › Register with very long names" classname="registration.spec.js" time="0">
<skipped>
</skipped>
</testcase>
<testcase name="User Registration Functionality Tests › Edge Cases - Boundary Testing › Register with very short valid data" classname="registration.spec.js" time="0">
<skipped>
</skipped>
</testcase>
<testcase name="User Registration Functionality Tests › Edge Cases - Boundary Testing › Register with special characters in name" classname="registration.spec.js" time="0">
<skipped>
</skipped>
</testcase>
<testcase name="User Registration Functionality Tests › Edge Cases - Boundary Testing › Register with international characters" classname="registration.spec.js" time="0">
<skipped>
</skipped>
</testcase>
<testcase name="User Registration Functionality Tests › Edge Cases - Boundary Testing › Register with birthday edge dates" classname="registration.spec.js" time="0">
<skipped>
</skipped>
</testcase>
</testsuite>
<testsuite name="search.spec.js" timestamp="2025-09-02T17:40:22.228Z" hostname="Mobile Safari" tests="11" failures="0" skipped="11" time="0" errors="0">
<testcase name="Search Functionality Tests › Pass Cases - Valid Search Scenarios › Search for existing product" classname="search.spec.js" time="0">
<skipped>
</skipped>
</testcase>
<testcase name="Search Functionality Tests › Pass Cases - Valid Search Scenarios › Search with different valid terms" classname="search.spec.js" time="0">
<skipped>
</skipped>
</testcase>
<testcase name="Search Functionality Tests › Pass Cases - Valid Search Scenarios › Advanced search with filters" classname="search.spec.js" time="0">
<skipped>
</skipped>
</testcase>
<testcase name="Search Functionality Tests › Fail Cases - Invalid Search Scenarios › Search for non-existent product" classname="search.spec.js" time="0">
<skipped>
</skipped>
</testcase>
<testcase name="Search Functionality Tests › Fail Cases - Invalid Search Scenarios › Search with special characters only" classname="search.spec.js" time="0">
<skipped>
</skipped>
</testcase>
<testcase name="Search Functionality Tests › Fail Cases - Invalid Search Scenarios › Search with SQL injection attempt" classname="search.spec.js" time="0">
<skipped>
</skipped>
</testcase>
<testcase name="Search Functionality Tests › Edge Cases - Boundary Testing › Empty search" classname="search.spec.js" time="0">
<skipped>
</skipped>
</testcase>
<testcase name="Search Functionality Tests › Edge Cases - Boundary Testing › Single character search" classname="search.spec.js" time="0">
<skipped>
</skipped>
</testcase>
<testcase name="Search Functionality Tests › Edge Cases - Boundary Testing › Very long search term" classname="search.spec.js" time="0">
<skipped>
</skipped>
</testcase>
<testcase name="Search Functionality Tests › Edge Cases - Boundary Testing › Search with leading and trailing spaces" classname="search.spec.js" time="0">
<skipped>
</skipped>
</testcase>
<testcase name="Search Functionality Tests › Edge Cases - Boundary Testing › Case sensitivity test" classname="search.spec.js" time="0">
<skipped>
</skipped>
</testcase>
</testsuite>
<testsuite name="site-navigation.spec.js" timestamp="2025-09-02T17:40:22.228Z" hostname="Mobile Safari" tests="7" failures="0" skipped="7" time="0" errors="0">
<testcase name="NopCommerce Site Accessibility &amp; Basic Navigation Tests › Pass Cases - Basic Site Functionality › Site loads and displays correctly" classname="site-navigation.spec.js" time="0">
<skipped>
</skipped>
</testcase>
<testcase name="NopCommerce Site Accessibility &amp; Basic Navigation Tests › Pass Cases - Basic Site Functionality › Main navigation links are functional" classname="site-navigation.spec.js" time="0">
<skipped>
</skipped>
</testcase>
<testcase name="NopCommerce Site Accessibility &amp; Basic Navigation Tests › Pass Cases - Basic Site Functionality › Header elements are accessible" classname="site-navigation.spec.js" time="0">
<skipped>
</skipped>
</testcase>
<testcase name="NopCommerce Site Accessibility &amp; Basic Navigation Tests › Fail Cases - Error Handling › Invalid URL returns appropriate error" classname="site-navigation.spec.js" time="0">
<skipped>
</skipped>
</testcase>
<testcase name="NopCommerce Site Accessibility &amp; Basic Navigation Tests › Edge Cases - Performance &amp; Compatibility › Page loads within acceptable time" classname="site-navigation.spec.js" time="0">
<skipped>
</skipped>
</testcase>
<testcase name="NopCommerce Site Accessibility &amp; Basic Navigation Tests › Edge Cases - Performance &amp; Compatibility › Mobile viewport compatibility" classname="site-navigation.spec.js" time="0">
<skipped>
</skipped>
</testcase>
<testcase name="NopCommerce Site Accessibility &amp; Basic Navigation Tests › Edge Cases - Performance &amp; Compatibility › Keyboard navigation accessibility" classname="site-navigation.spec.js" time="0">
<skipped>
</skipped>
</testcase>
</testsuite>
<testsuite name="wishlist.spec.js" timestamp="2025-09-02T17:40:22.228Z" hostname="Mobile Safari" tests="8" failures="0" skipped="8" time="0" errors="0">
<testcase name="Wishlist Functionality Tests › Pass Cases - Valid Wishlist Operations › Add product to wishlist" classname="wishlist.spec.js" time="0">
<skipped>
</skipped>
</testcase>
<testcase name="Wishlist Functionality Tests › Pass Cases - Valid Wishlist Operations › Add multiple products to wishlist" classname="wishlist.spec.js" time="0">
<skipped>
</skipped>
</testcase>
<testcase name="Wishlist Functionality Tests › Pass Cases - Valid Wishlist Operations › Move product from wishlist to cart" classname="wishlist.spec.js" time="0">
<skipped>
</skipped>
</testcase>
<testcase name="Wishlist Functionality Tests › Fail Cases - Invalid Wishlist Operations › Add same product multiple times to wishlist" classname="wishlist.spec.js" time="0">
<skipped>
</skipped>
</testcase>
<testcase name="Wishlist Functionality Tests › Fail Cases - Invalid Wishlist Operations › Access wishlist when empty" classname="wishlist.spec.js" time="0">
<skipped>
</skipped>
</testcase>
<testcase name="Wishlist Functionality Tests › Edge Cases - Boundary Testing › Remove all items from wishlist" classname="wishlist.spec.js" time="0">
<skipped>
</skipped>
</testcase>
<testcase name="Wishlist Functionality Tests › Edge Cases - Boundary Testing › Wishlist persistence across sessions" classname="wishlist.spec.js" time="0">
<skipped>
</skipped>
</testcase>
<testcase name="Wishlist Functionality Tests › Edge Cases - Boundary Testing › Maximum items in wishlist" classname="wishlist.spec.js" time="0">
<skipped>
</skipped>
</testcase>
</testsuite>
</testsuites>